******************************************************************************
                  TI ARM Linker PC v15.12.3                    
******************************************************************************
>> Linked Tue Dec 13 20:40:48 2016

OUTPUT FILE NAME:   <LGU.out>
ENTRY POINT SYMBOL: "_c_int00"  address: 00012300


MEMORY CONFIGURATION

         name            origin    length      used     unused   attr    fill
----------------------  --------  ---------  --------  --------  ----  --------
  VECTORS               00000000   00000020  00000020  00000000     X
  FLASH0                00000020   0013ffe0  00015344  0012ac9c  R  X
  STACKS                08000000   00001500  00000000  00001500  RW  
  RAM                   08001500   0002eb00  00003caf  0002ae51  RW  


SEGMENT ALLOCATION MAP

run origin  load origin   length   init length attrs members
----------  ----------- ---------- ----------- ----- -------
00000000    00000000    0001536c   0001536c    r-x
  00000000    00000000    00000020   00000020    r-x .intvecs
  00000020    00000020    00014c94   00014c94    r-x .text
  00014cb8    00014cb8    00000644   00000644    r-- .const
  00015300    00015300    0000006c   0000006c    r-- .cinit
08001500    08001500    00003cb2   00000000    rw-
  08001500    08001500    00003bd9   00000000    rw- .bss
  080050dc    080050dc    000000d6   00000000    rw- .data


SECTION ALLOCATION MAP

 output                                  attributes/
section   page    origin      length       input sections
--------  ----  ----------  ----------   ----------------
.intvecs   0    00000000    00000020     
                  00000000    00000020     sys_intvecs.obj (.intvecs)

.text      0    00000020    00014c94     
                  00000020    00003774     sys_selftest.obj (.text)
                  00003794    00000006     rtsv7R4_T_le_v3D16_eabi.lib : copy_decompress_rle.obj (.text:decompress:rle24)
                  0000379a    00000006                                 : ti_fenv.obj (.text)
                  000037a0    00002a5c     etpwm.obj (.text)
                  000061fc    00001086     rtsv7R4_T_le_v3D16_eabi.lib : _printfi.obj (.text)
                  00007282    0000000e                                 : copy_decompress_none.obj (.text:decompress:none)
                  00007290    00000c88     sci.obj (.text)
                  00007f18    00000002     rtsv7R4_T_le_v3D16_eabi.lib : i_div0.obj (.text)
                  00007f1a    00000002                                 : startup.obj (.text)
                  00007f1c    00000004     --HOLE-- [fill = 0]
                  00007f20    00000c1c     adc.obj (.text)
                  00008b3c    00000004     --HOLE-- [fill = 0]
                  00008b40    00000bd0     system.obj (.text)
                  00009710    00000bc0     rI2CRX.obj (.text)
                  0000a2d0    00000b98     lift.obj (.text)
                  0000ae68    00000008     --HOLE-- [fill = 0]
                  0000ae70    00000aec     sys_vim.obj (.text)
                  0000b95c    00000004     --HOLE-- [fill = 0]
                  0000b960    00000a6c     pinmux.obj (.text)
                  0000c3cc    00000004     --HOLE-- [fill = 0]
                  0000c3d0    000009d0     term.obj (.text)
                  0000cda0    000009b0     hello.obj (.text)
                  0000d750    000008b0     testing.obj (.text)
                  0000e000    000008a8     auxprop.obj (.text)
                  0000e8a8    00000008     --HOLE-- [fill = 0]
                  0000e8b0    00000898     rI2CTX.obj (.text)
                  0000f148    00000008     --HOLE-- [fill = 0]
                  0000f150    00000748     rti.obj (.text)
                  0000f898    00000008     --HOLE-- [fill = 0]
                  0000f8a0    00000718     esm.obj (.text)
                  0000ffb8    00000008     --HOLE-- [fill = 0]
                  0000ffc0    00000694     gpin.obj (.text)
                  00010654    0000000c     --HOLE-- [fill = 0]
                  00010660    00000660     linear_actuator.obj (.text)
                  00010cc0    00000644     ser.obj (.text)
                  00011304    0000000c     --HOLE-- [fill = 0]
                  00011310    00000518     gio.obj (.text)
                  00011828    00000008     --HOLE-- [fill = 0]
                  00011830    000003cc     pwm.obj (.text)
                  00011bfc    00000004     --HOLE-- [fill = 0]
                  00011c00    0000039c     a2d.obj (.text)
                  00011f9c    00000004     --HOLE-- [fill = 0]
                  00011fa0    0000035c     ecap.obj (.text:retain)
                  000122fc    00000004     --HOLE-- [fill = 0]
                  00012300    0000034c     sys_startup.obj (.text:retain)
                  0001264c    0000034c     sys_core.obj (.text)
                  00012998    00000008     --HOLE-- [fill = 0]
                  000129a0    000002f8     sys_vim.obj (.text:retain)
                  00012c98    000002b8     rtsv7R4_T_le_v3D16_eabi.lib : ull_div32.obj (.text)
                  00012f50    00000254     can.obj (.text:retain)
                  000131a4    000001f0     rtsv7R4_T_le_v3D16_eabi.lib : strtod.obj (.text)
                  00013394    0000000c     --HOLE-- [fill = 0]
                  000133a0    000001dc     picomm.obj (.text)
                  0001357c    00000004     --HOLE-- [fill = 0]
                  00013580    000001bc     pid.obj (.text)
                  0001373c    00000004     --HOLE-- [fill = 0]
                  00013740    000001b4     notification.obj (.text)
                  000138f4    0000000c     --HOLE-- [fill = 0]
                  00013900    0000013c     sci.obj (.text:retain)
                  00013a3c    00000130     rtsv7R4_T_le_v3D16_eabi.lib : strtol.obj (.text)
                  00013b6c    00000004     --HOLE-- [fill = 0]
                  00013b70    00000120     esm.obj (.text:retain)
                  00013c90    000000ec     rtsv7R4_T_le_v3D16_eabi.lib : s_scalbn.obj (.text)
                  00013d7c    000000e8     dabort.obj (.text)
                  00013e64    0000000c     --HOLE-- [fill = 0]
                  00013e70    000000e4     version.obj (.text)
                  00013f54    000000e0     rtsv7R4_T_le_v3D16_eabi.lib : s_floor.obj (.text)
                  00014034    000000e0     sys_pmu.obj (.text)
                  00014114    0000000c     --HOLE-- [fill = 0]
                  00014120    000000e0     systmr.obj (.text)
                  00014200    000000b4     adc.obj (.text:retain)
                  000142b4    0000000c     --HOLE-- [fill = 0]
                  000142c0    000000a0     gio.obj (.text:retain)
                  00014360    0000009c     rti.obj (.text:retain)
                  000143fc    0000009c     rtsv7R4_T_le_v3D16_eabi.lib : memcpy_t2.obj (.text)
                  00014498    00000088                                 : vsnprintf.obj (.text)
                  00014520    00000080                                 : s_floorf.obj (.text)
                  000145a0    0000007c                                 : s_round.obj (.text)
                  0001461c    0000007a                                 : memset_t2.obj (.text)
                  00014696    00000002     --HOLE-- [fill = 0]
                  00014698    00000074                                 : s_frexp.obj (.text)
                  0001470c    00000070                                 : autoinit.obj (.text)
                  0001477c    0000006e                                 : s_roundf.obj (.text)
                  000147ea    0000006a                                 : copy_decompress_rle.obj (.text)
                  00014854    00000068                                 : signal.obj (.text)
                  000148bc    00000064                                 : sprintf.obj (.text)
                  00014920    00000056                                 : ltoa.obj (.text)
                  00014976    00000002     --HOLE-- [fill = 0]
                  00014978    00000054                                 : i_div32.obj (.text)
                  000149cc    00000050                                 : atoi.obj (.text)
                  00014a1c    00000050                                 : exit.obj (.text)
                  00014a6c    0000004c                                 : cpy_tbl.obj (.text)
                  00014ab8    0000004c                                 : s_lround.obj (.text)
                  00014b04    0000000c     --HOLE-- [fill = 0]
                  00014b10    0000003c     term_hal.obj (.text)
                  00014b4c    00000036     rtsv7R4_T_le_v3D16_eabi.lib : strncpy.obj (.text)
                  00014b82    0000002a                                 : strncmp.obj (.text)
                  00014bac    00000004     --HOLE-- [fill = 0]
                  00014bb0    00000024     sys_placeholders.obj (.text)
                  00014bd4    0000001e     rtsv7R4_T_le_v3D16_eabi.lib : ll_asr_t2.obj (.text)
                  00014bf2    0000001e                                 : ll_lsr_t2.obj (.text)
                  00014c10    0000001c                                 : memccpy.obj (.text)
                  00014c2c    0000001a                                 : s_copysign.obj (.text)
                  00014c46    00000018                                 : strcmp.obj (.text)
                  00014c5e    00000016                                 : strchr.obj (.text)
                  00014c74    00000016                                 : strlen.obj (.text)
                  00014c8a    00000002     --HOLE-- [fill = 0]
                  00014c8c    00000014                                 : _lock.obj (.text)
                  00014ca0    00000010                                 : s_lroundf.obj (.text)
                  00014cb0    00000004     sys_phantom.obj (.text:retain)

.const     0    00014cb8    00000644     
                  00014cb8    0000021c     auxprop.obj (.const:speed_table)
                  00014ed4    00000200     sys_vim.obj (.const:s_vim_init)
                  000150d4    00000101     rtsv7R4_T_le_v3D16_eabi.lib : ctype.obj (.const:.string:_ctypes_)
                  000151d5    00000003     --HOLE-- [fill = 0]
                  000151d8    00000098                                 : strtod.obj (.const:$O1$$)
                  00015270    00000018     adc.obj (.const:s_adcFiFoSize)
                  00015288    00000018     adc.obj (.const:s_adcSelect)
                  000152a0    00000010     linear_actuator.obj (.const:pin_adc)
                  000152b0    00000010     linear_actuator.obj (.const:pin_dir)
                  000152c0    00000010     linear_actuator.obj (.const:pin_pwm)
                  000152d0    00000010     linear_actuator.obj (.const:pin_sw_neg)
                  000152e0    00000010     linear_actuator.obj (.const:pin_sw_pos)
                  000152f0    0000000c     gpin.obj (.const:gpin_initTable)

.cinit     0    00015300    0000006c     
                  00015300    00000047     (.cinit..data.load) [load image, compression = rle]
                  00015347    00000001     --HOLE-- [fill = 0]
                  00015348    0000000b     (.cinit..bss.load) [load image, compression = rle]
                  00015353    00000001     --HOLE-- [fill = 0]
                  00015354    00000008     (__TI_handler_table)
                  0001535c    00000010     (__TI_cinit_table)

.bss       0    08001500    00003bd9     UNINITIALIZED
                  08001500    00001388     (.common:rI2CTX_buffer)
                  08002888    00001038     (.common:serport)
                  080038c0    00000bb8     (.common:buffer)
                  08004478    00000400     term.obj (.bss:buffer$1)
                  08004878    00000400     term.obj (.bss:history$2)
                  08004c78    00000100     a2d.obj (.bss:adc_valFiltered)
                  08004d78    00000100     version.obj (.bss:buff$1)
                  08004e78    00000090     (.common:linearmotors)
                  08004f08    00000080     a2d.obj (.bss:adc_valRaw)
                  08004f88    00000080     a2d.obj (.bss:data$1)
                  08005008    00000040     a2d.obj (.bss:adc_valNew)
                  08005048    00000028     sci.obj (.bss:g_sciTransfer_t)
                  08005070    00000020     lift.obj (.bss:lift_pid)
                  08005090    00000010     (.common:auxprop_state)
                  080050a0    00000008     picomm.obj (.bss)
                  080050a8    00000008     (.common:temp_8byte)
                  080050b0    00000005     systmr.obj (.bss)
                  080050b5    00000001     (.common:checksum)
                  080050b6    00000002     (.common:bufferBegin)
                  080050b8    00000004     lift.obj (.bss)
                  080050bc    00000004     (.common:adc_conversionCount)
                  080050c0    00000004     (.common:rI2CRX_frameRXBeginCB)
                  080050c4    00000004     (.common:rI2CRX_frameRXEndCB)
                  080050c8    00000004     (.common:rI2CRX_recvDecParamCB)
                  080050cc    00000004     (.common:temp_4byte)
                  080050d0    00000002     (.common:bufferLength)
                  080050d2    00000002     (.common:rI2CTX_bufferPos)
                  080050d4    00000002     (.common:rI2CTX_frameLength)
                  080050d6    00000002     (.common:temp_2byte)
                  080050d8    00000001     (.common:temp_1byte)

.data      0    080050dc    000000d6     UNINITIALIZED
                  080050dc    00000080     rtsv7R4_T_le_v3D16_eabi.lib : signal.obj (.data:sigTable)
                  0800515c    0000001c     pwm.obj (.data:etpwmList)
                  08005178    00000010     lift.obj (.data)
                  08005188    0000000c     rtsv7R4_T_le_v3D16_eabi.lib : exit.obj (.data:$O1$$)
                  08005194    0000000c     term.obj (.data)
                  080051a0    00000008     rtsv7R4_T_le_v3D16_eabi.lib : _lock.obj (.data:$O1$$)
                  080051a8    00000004     hello.obj (.data)
                  080051ac    00000004     rtsv7R4_T_le_v3D16_eabi.lib : errno.obj (.data)
                  080051b0    00000002     linear_actuator.obj (.data)

MODULE SUMMARY

       Module                     code    ro data   rw data
       ------                     ----    -------   -------
    .\
       term.obj                   2512    0         2060   
       lift.obj                   2968    0         52     
       auxprop.obj                2216    540       16     
       hello.obj                  2480    0         4      
       testing.obj                2224    0         0      
       linear_actuator.obj        1632    80        146    
       picomm.obj                 476     0         8      
       version.obj                228     0         256    
       pid.obj                    444     0         0      
    +--+--------------------------+-------+---------+---------+
       Total:                     15180   620       2542   
                                                           
    .\hal\
       ser.obj                    1604    0         4152   
       gpin.obj                   1684    12        0      
       a2d.obj                    924     0         580    
       pwm.obj                    972     0         28     
       systmr.obj                 224     0         5      
       term_hal.obj               60      0         0      
    +--+--------------------------+-------+---------+---------+
       Total:                     5468    12        4765   
                                                           
    .\halcogen_sources\
       sys_selftest.obj           14196   0         0      
       etpwm.obj                  10844   0         0      
       sys_vim.obj                3556    512       0      
       sci.obj                    3524    0         40     
       adc.obj                    3280    48        0      
       system.obj                 3024    0         0      
       pinmux.obj                 2668    0         0      
       esm.obj                    2104    0         0      
       rti.obj                    2020    0         0      
       gio.obj                    1464    0         0      
       ecap.obj                   860     0         0      
       sys_core.obj               844     0         0      
       sys_startup.obj            844     0         0      
       can.obj                    596     0         0      
       notification.obj           436     0         0      
       dabort.obj                 232     0         0      
       sys_pmu.obj                224     0         0      
       sys_intvecs.obj            32      0         0      
       sys_phantom.obj            4       0         0      
    +--+--------------------------+-------+---------+---------+
       Total:                     50752   560       40     
                                                           
    .\nonessential\
       sys_placeholders.obj       36      0         0      
    +--+--------------------------+-------+---------+---------+
       Total:                     36      0         0      
                                                           
    .\pi_comm\RX\
       rI2CRX.obj                 3008    0         3031   
    +--+--------------------------+-------+---------+---------+
       Total:                     3008    0         3031   
                                                           
    .\pi_comm\TX\
       rI2CTX.obj                 2200    0         5005   
    +--+--------------------------+-------+---------+---------+
       Total:                     2200    0         5005   
                                                           
    C:/ProgramFiles/ti_ccs/ccsv6/tools/compiler/arm_15.12.3.LTS/lib/rtsv7R4_T_le_v3D16_eabi.lib
       _printfi.obj               4230    0         0      
       ull_div32.obj              696     0         0      
       strtod.obj                 496     152       0      
       strtol.obj                 304     0         0      
       ctype.obj                  0       257       0      
       s_scalbn.obj               236     0         0      
       signal.obj                 104     0         128    
       s_floor.obj                224     0         0      
       memcpy_t2.obj              156     0         0      
       vsnprintf.obj              136     0         0      
       s_floorf.obj               128     0         0      
       s_round.obj                124     0         0      
       memset_t2.obj              122     0         0      
       s_frexp.obj                116     0         0      
       autoinit.obj               112     0         0      
       copy_decompress_rle.obj    112     0         0      
       s_roundf.obj               110     0         0      
       sprintf.obj                100     0         0      
       exit.obj                   80      0         12     
       ltoa.obj                   86      0         0      
       i_div32.obj                84      0         0      
       atoi.obj                   80      0         0      
       cpy_tbl.obj                76      0         0      
       s_lround.obj               76      0         0      
       strncpy.obj                54      0         0      
       strncmp.obj                42      0         0      
       ll_asr_t2.obj              30      0         0      
       ll_lsr_t2.obj              30      0         0      
       _lock.obj                  20      0         8      
       memccpy.obj                28      0         0      
       s_copysign.obj             26      0         0      
       strcmp.obj                 24      0         0      
       strchr.obj                 22      0         0      
       strlen.obj                 22      0         0      
       s_lroundf.obj              16      0         0      
       copy_decompress_none.obj   14      0         0      
       ti_fenv.obj                6       0         0      
       errno.obj                  0       0         4      
       i_div0.obj                 2       0         0      
       startup.obj                2       0         0      
    +--+--------------------------+-------+---------+---------+
       Total:                     8326    409       152    
                                                           
       Linker Generated:          0       106       0      
    +--+--------------------------+-------+---------+---------+
       Grand Total:               84970   1707      15535  


LINKER GENERATED COPY TABLES

__TI_cinit_table @ 0001535c records: 2, size/record: 8, table size: 16
	.data: load addr=00015300, load size=00000047 bytes, run addr=080050dc, run size=000000d6 bytes, compression=rle
	.bss: load addr=00015348, load size=0000000b bytes, run addr=08001500, run size=00003bd9 bytes, compression=rle


LINKER GENERATED HANDLER TABLE

__TI_handler_table @ 00015354 records: 2, size/record: 4, table size: 8
	index: 0, handler: __TI_decompress_rle24
	index: 1, handler: __TI_decompress_none


GLOBAL SYMBOLS: SORTED ALPHABETICALLY BY Name 

address   name                                
-------   ----                                
00014a1d  C$$EXIT                             
0000f5c0  IsdwdKeySequenceCorrect             
UNDEFED   SHT$$INIT_ARRAY$$Base               
UNDEFED   SHT$$INIT_ARRAY$$Limit              
0001535c  __TI_CINIT_Base                     
0001536c  __TI_CINIT_Limit                    
00015354  __TI_Handler_Table_Base             
0001535c  __TI_Handler_Table_Limit            
00012990  __TI_PINIT_Base                     
00012994  __TI_PINIT_Limit                    
0001470d  __TI_auto_init                      
08005188  __TI_cleanup_ptr                    
00007283  __TI_decompress_none                
00003795  __TI_decompress_rle24               
0800518c  __TI_dtors_ptr                      
08005190  __TI_enable_exit_profile_output     
ffffffff  __TI_pprof_out_hndl                 
00006f7b  __TI_printfi                        
ffffffff  __TI_prof_data_size                 
ffffffff  __TI_prof_data_start                
00000000  __TI_static_base__                  
00014978  __aeabi_idiv                        
00007f19  __aeabi_idiv0                       
00014978  __aeabi_idivmod                     
00014bd5  __aeabi_lasr                        
00014bf3  __aeabi_llsr                        
0001461d  __aeabi_memclr                      
0001461d  __aeabi_memclr4                     
0001461d  __aeabi_memclr8                     
000143fd  __aeabi_memcpy                      
000143fd  __aeabi_memcpy4                     
000143fd  __aeabi_memcpy8                     
0001461f  __aeabi_memset                      
0001461f  __aeabi_memset4                     
0001461f  __aeabi_memset8                     
00012c98  __aeabi_uldivmod                    
ffffffff  __binit__                           
ffffffff  __c_args__                          
0000379b  __softfloat_float_raise             
00012300  _c_int00                            
000128a8  _coreClearAuxiliaryDataFault_       
000128bc  _coreClearAuxiliaryInstructionFault_
00012880  _coreClearDataFaultAddress_         
00012858  _coreClearDataFault_                
00012894  _coreClearInstructionFaultAddress_  
0001286c  _coreClearInstructionFault_         
000127ec  _coreDisableEventBusExport_         
00012830  _coreDisableFlashEcc_               
0001280c  _coreDisableRamEcc_                 
000127dc  _coreEnableEventBusExport_          
0001281c  _coreEnableFlashEcc_                
00012840  _coreEnableIrqVicOffset_            
000127fc  _coreEnableRamEcc_                  
000127c4  _coreEnableVfp_                     
000128a0  _coreGetAuxiliaryDataFault_         
000128b4  _coreGetAuxiliaryInstructionFault_  
00012878  _coreGetDataFaultAddress_           
00012850  _coreGetDataFault_                  
0001288c  _coreGetInstructionFaultAddress_    
00012864  _coreGetInstructionFault_           
0001264c  _coreInitRegisters_                 
00012758  _coreInitStackPointer_              
000150d4  _ctypes_                            
00013d7c  _dabort                             
000128d0  _disable_FIQ_interrupt_             
000128d8  _disable_IRQ_interrupt_             
000128c8  _disable_interrupt_                 
000128e0  _enable_interrupt_                  
00012970  _errata_CORTEXR4_57_                
00012980  _errata_CORTEXR4_66_                
000128e8  _esmCcmErrorsClear_                 
000127a4  _getCPSRValue_                      
000127ac  _gotoCPUIdle_                       
080051a0  _lock                               
00014c9b  _nop                                
00014090  _pmuDisableCountersGlobal_          
00014080  _pmuEnableCountersGlobal_           
000140ec  _pmuGetCycleCount_                  
000140f4  _pmuGetEventCount_                  
00014100  _pmuGetOverflow_                    
00014034  _pmuInit_                           
000140c0  _pmuResetCounters_                  
000140a0  _pmuResetCycleCounter_              
000140b0  _pmuResetEventCounters_             
000140e0  _pmuSetCountEvent_                  
000140d0  _pmuStartCounters_                  
000140d8  _pmuStopCounters_                   
00014bd0  _prefetch                           
00014c93  _register_lock                      
00014c8d  _register_unlock                    
00014bc0  _svc                                
00007f1b  _system_post_cinit                  
00014bb0  _undef                              
080051a4  _unlock                             
00011ee0  a2d_checkNew                        
00011f10  a2d_getFiltered                     
00011eb0  a2d_getRaw                          
00011c00  a2d_init                            
00011d60  a2d_procFifo                        
00011cc0  a2d_task                            
00014a21  abort                               
000088f0  adc1GetConfigValue                  
00014200  adc1Group0Interrupt                 
00014260  adc1Group1Interrupt                 
00001830  adc1ParityCheck                     
00001920  adc2ParityCheck                     
00008450  adcCalibration                      
00008880  adcDisableNotification              
00008830  adcEnableNotification               
00008210  adcGetData                          
000088d0  adcGetEVTPin                        
00007f20  adcInit                             
00008420  adcIsConversionComplete             
000083f0  adcIsFifoFull                       
00008660  adcMidPointCalibration              
00011f50  adcNotification                     
000081e0  adcResetFiFo                        
000088b0  adcSetEVTPin                        
00008110  adcStartConversion                  
000081b0  adcStopConversion                   
080050bc  adc_conversionCount                 
0000d2e0  app_handleTerm                      
000149cd  atoi                                
0000e490  auxprop_clutch                      
0000e4c0  auxprop_enable                      
0000e750  auxprop_init                        
0000e000  auxprop_lookup                      
0000e210  auxprop_moveSpeed                   
0000e4f0  auxprop_moveSpeedDist               
0000e610  auxprop_moveSpeedDistSingle         
0000e350  auxprop_moveSpeedSingle             
0000e830  auxprop_report                      
08005090  auxprop_state                       
0000e7c0  auxprop_task                        
ffffffff  binit                               
080038c0  buffer                              
080050b6  bufferBegin                         
080050d0  bufferLength                        
00001a10  can1ParityCheck                     
00012f50  can2HighLevelInterrupt              
000130b0  can2LowLevelInterrupt               
00001b20  can2ParityCheck                     
00001c30  can3ParityCheck                     
000137d0  canErrorNotification                
00013810  canMessageNotification              
000137f0  canStatusChangeNotification         
00000030  ccmSelfCheck                        
00003180  ccmr4GetConfigValue                 
00000c00  checkB0RAMECC                       
00000e80  checkB1RAMECC                       
000023e0  checkClockMonitor                   
00001110  checkFlashECC                       
000024d0  checkFlashEEPROMECC                 
000026e0  checkPLL1Slip                       
00002820  checkPLL2Slip                       
00002920  checkRAMAddrParity                  
00002100  checkRAMECC                         
00002a80  checkRAMUERRTest                    
00000a00  checkefcSelfTest                    
080050b5  checksum                            
0000ce40  cmdcomm_handler                     
00014a6d  copy_in                             
00014c2d  copysign                            
00014c2d  copysignl                           
00000320  cpuSelfTest                         
00001260  cpuSelfTestFail                     
00013870  crcNotification                     
00001240  custom_dabort                       
000036e0  disableParity                       
000138e0  dmaGroupANotification               
00001360  dmaParityCheck                      
0000f640  dwdClearFlag                        
0000f520  dwdCounterEnable                    
0000f590  dwdGenerateSysReset                 
0000f600  dwdGetStatus                        
0000f660  dwdGetViolationStatus               
0000f480  dwdInit                             
0000f560  dwdReset                            
0000f540  dwdSetPreload                       
0000f510  dwwdGetCurrentDownCounter           
0000f4b0  dwwdInit                            
00011fa0  ecap1Interrupt                      
00012030  ecap2Interrupt                      
000120c0  ecap3nterrupt                       
00012150  ecap4Interrupt                      
000121e0  ecap5Interrupt                      
00012270  ecap6Interrupt                      
000138c0  ecapNotification                    
00000850  efcCheck                            
000030d0  efcGetConfigValue                   
000009c0  efcSelfTest                         
000008f0  efcStuckZeroTest                    
00003620  enableParity                        
000031d0  errata_PBIST_4                      
080051ac  errno                               
0000fad0  esmActivateNormalOperation          
0000fc00  esmClearStatus                      
0000fc60  esmClearStatusBuffer                
0000fa70  esmDisableError                     
0000fb30  esmDisableInterrupt                 
0000fa30  esmEnableError                      
0000faf0  esmEnableInterrupt                  
0000fd90  esmEnterSelfTest                    
0000fa10  esmError                            
0000fe90  esmGetConfigValue                   
0000fcb0  esmGetStatus                        
0000fd50  esmGetStatusBuffer                  
00013740  esmGroup1Notification               
00013750  esmGroup2Notification               
00013b70  esmHighInterrupt                    
0000f8a0  esmInit                             
0000fe30  esmSelfTestStatus                   
0000fc80  esmSetCounterPreloadValue           
0000fb70  esmSetInterruptLevel                
0000fab0  esmTriggerErrorPinReset             
00004ad0  etpwm1GetConfigValue                
00004e20  etpwm2GetConfigValue                
00005170  etpwm3GetConfigValue                
000054c0  etpwm4GetConfigValue                
00005810  etpwm5GetConfigValue                
00005b60  etpwm6GetConfigValue                
00005eb0  etpwm7GetConfigValue                
00004a00  etpwmClearEventFlag                 
00004790  etpwmClearTripCondition             
000047b0  etpwmClearTripInterruptFlag         
00004640  etpwmDisableChopping                
000043f0  etpwmDisableCmpAShadowMode          
00004450  etpwmDisableCmpBShadowMode          
00004260  etpwmDisableCounterLoadOnSync       
000045b0  etpwmDisableDeadband                
000049b0  etpwmDisableInterrupt               
00004870  etpwmDisableSOCA                    
00004920  etpwmDisableSOCB                    
000041c0  etpwmDisableTimebasePeriodShadowMode
00004760  etpwmDisableTripInterrupt           
00004690  etpwmDisableTripZoneSources         
00004600  etpwmEnableChopping                 
000043b0  etpwmEnableCmpAShadowMode           
00004410  etpwmEnableCmpBShadowMode           
00004210  etpwmEnableCounterLoadOnSync        
00004550  etpwmEnableDeadBand                 
00004a40  etpwmEnableDigitalCompareEvents     
00004940  etpwmEnableInterrupt                
000047f0  etpwmEnableSOCA                     
000048a0  etpwmEnableSOCB                     
000041e0  etpwmEnableTimebasePeriodShadowMode 
00004730  etpwmEnableTripInterrupt            
00004660  etpwmEnableTripZoneSources          
000047d0  etpwmForceTripEvent                 
000049e0  etpwmGetEventStatus                 
000037a0  etpwmInit                           
0800515c  etpwmList                           
00013890  etpwmNotification                   
00004470  etpwmSetActionQualPwmA              
000044e0  etpwmSetActionQualPwmB              
00004130  etpwmSetClkDiv                      
00004370  etpwmSetCmpA                        
00004390  etpwmSetCmpB                        
000041a0  etpwmSetCount                       
000042d0  etpwmSetCounterMode                 
000045d0  etpwmSetDeadBandDelay               
00004330  etpwmSetRunMode                     
00004290  etpwmSetSyncOut                     
00004180  etpwmSetTimebasePeriod              
000046c0  etpwmSetTripAction                  
00004050  etpwmStartTBCLK                     
000040c0  etpwmStopTBCLK                      
00004a20  etpwmTriggerEvent                   
00004310  etpwmTriggerSWSync                  
000138a0  etpwmTripNotification               
00014a29  exit                                
00013f55  floor                               
00014521  floorf                              
00013f55  floorl                              
00002ca0  fmcBus1ParityCheck                  
00000ad0  fmcBus2Check                        
00000b20  fmcECCcheck                         
00014699  frexp                               
00014699  frexpl                              
00011600  gioDisableNotification              
00011580  gioEnableNotification               
000114d0  gioGetBit                           
00011680  gioGetConfigValue                   
00011500  gioGetPort                          
00011310  gioInit                             
000142c0  gioLowLevelInterrupt                
000104f0  gioNotification                     
00011450  gioSetBit                           
00011430  gioSetDirection                     
000114b0  gioSetPort                          
00011520  gioToggleBit                        
000102d0  gpin_enableNotification             
0000ffc0  gpin_initAll                        
000102b0  gpin_initHw                         
00010060  gpin_initPin                        
000152f0  gpin_initTable                      
00010360  gpin_read                           
000102c0  gpin_task                           
00010450  gpin_write                          
00001450  het1ParityCheck                     
00001620  het2ParityCheck                     
00001530  htu1ParityCheck                     
00001740  htu2ParityCheck                     
00013c91  ldexp                               
00013c91  ldexpl                              
0000abf0  lift_brake                          
0000ad80  lift_cancelAll                      
0000ac10  lift_report                         
0000a430  lift_syncMove                       
0000a2d0  lift_task                           
00010780  limitswitch_hit                     
000139a0  linHighLevelInterrupt               
000139f0  linLowLevelInterrupt                
00010c60  linearmotor_brake                   
00010b80  linearmotor_getPosition             
00010c10  linearmotor_getPositioni            
00010ca0  linearmotor_gioNotification         
080051b1  linearmotor_gpinInt                 
00010670  linearmotor_init                    
000109b0  linearmotor_limitCheck              
00010ad0  linearmotor_limitChecki             
000107c0  linearmotor_move                    
000108f0  linearmotor_movei                   
00010660  linearmotor_setup                   
08004e78  linearmotors                        
00014ab9  lround                              
00014ca1  lroundf                             
00014921  ltoa                                
0000cda0  main                                
0000de50  manlift                             
00008d00  mapClocks                           
00014c11  memccpy                             
000143fd  memcpy                              
00000220  memoryInit                          
00013760  memoryPort0TestFailNotification     
00013780  memoryPort1TestFailNotification     
00014625  memset                              
00001d40  mibspi1ParityCheck                  
00001e80  mibspi3ParityCheck                  
00001fc0  mibspi5ParityCheck                  
0000b960  muxInit                             
00002e30  pbistFail                           
00002eb0  pbistGetConfigValue                 
00000780  pbistIsTestCompleted                
000007b0  pbistIsTestPassed                   
000007f0  pbistPortTestStatus                 
00000650  pbistRun                            
000003e0  pbistSelfCheck                      
00000740  pbistStop                           
00008c90  periphInit                          
00014cb0  phantomInterrupt                    
0000d260  picomm_appHandler                   
00013540  picomm_hal_read                     
00013560  picomm_hal_tx                       
000133a0  picomm_init                         
00013400  picomm_onRxEvt                      
000133c0  picomm_task                         
00013460  picomm_tx                           
000135c0  pid_calc                            
00013580  pid_reset                           
0000c000  pinmuxGetConfigValue                
00009890  processBuffer                       
00009c50  processFrame                        
00011830  pwm_init                            
000118d0  pwm_set                             
00011a70  pwm_setClkDiv                       
00011970  pwm_setDigital                      
000119f0  pwm_setRaw                          
00009710  rI2CRX_begin                        
080050c0  rI2CRX_frameRXBeginCB               
080050c4  rI2CRX_frameRXEndCB                 
00009770  rI2CRX_receiveBytes                 
080050c8  rI2CRX_recvDecParamCB               
0000ec20  rI2CTX_addHeader                    
0000f0c0  rI2CTX_addParameter_double          
0000f030  rI2CTX_addParameter_float           
0000ed10  rI2CTX_addParameter_int16           
0000ef30  rI2CTX_addParameter_int32           
0000ee10  rI2CTX_addParameter_int64           
0000ecb0  rI2CTX_addParameter_int8            
0000ed90  rI2CTX_addParameter_uint16          
0000efb0  rI2CTX_addParameter_uint32          
0000eea0  rI2CTX_addParameter_uint64          
0000ece0  rI2CTX_addParameter_uint8           
0000e970  rI2CTX_add_checked_byte             
0000e9e0  rI2CTX_add_unchecked_byte           
0000e8b0  rI2CTX_beginFrame                   
08001500  rI2CTX_buffer                       
080050d2  rI2CTX_bufferPos                    
0000e8f0  rI2CTX_calculateChecksum            
0000ea20  rI2CTX_endFrame                     
080050d4  rI2CTX_frameLength                  
00014887  raise                               
0000a040  receiveParam                        
00000000  resetEntry                          
000145a1  round                               
0001477d  roundf                              
000145a1  roundl                              
00014360  rtiCompare0Interrupt                
000143b0  rtiCompare3Interrupt                
0000f740  rtiDisableNotification              
0000f710  rtiEnableNotification               
0000f760  rtiGetConfigValue                   
0000f3e0  rtiGetCurrentTick                   
0000f3b0  rtiGetPeriod                        
0000f150  rtiInit                             
000141b0  rtiNotification                     
0000f310  rtiResetCounter                     
0000f380  rtiSetPeriod                        
0000f2b0  rtiStartCounter                     
0000f2e0  rtiStopCounter                      
00013c91  scalbn                              
00013c91  scalbnl                             
000079a0  sciDisableLoopback                  
00007a30  sciDisableNotification              
00007960  sciEnableLoopback                   
000079c0  sciEnableNotification               
00007aa0  sciGetConfigValue                   
00013900  sciHighLevelInterrupt               
00007290  sciInit                             
00007de0  sciInterruptHandler                 
000077c0  sciIsIdleDetected                   
000077a0  sciIsRxReady                        
000075c0  sciIsTxReady                        
00013950  sciLowLevelInterrupt                
000112c0  sciNotification                     
00007860  sciReceive                          
00007810  sciReceiveByte                      
000077e0  sciRxError                          
00007630  sciSend                             
000075e0  sciSendByte                         
00007530  sciSetBaudrate                      
00007510  sciSetFunctional                    
00007c40  scilinGetConfigValue                
00000020  selftestFailNotification            
00010fa0  ser_fakeRx                          
00010d40  ser_init                            
00010cc0  ser_initn                           
00010db0  ser_read                            
00010e40  ser_tx                              
08002888  serport                             
00008c30  setupFlash                          
00008b40  setupPLL                            
00014855  signal                              
00014cb8  speed_table                         
000148bd  sprintf                             
000095a0  sramGetConfigValue                  
00003020  stcGetConfigValue                   
00000280  stcSelfCheck                        
00001250  stcSelfCheckFail                    
0000d640  stop_all                            
0000d6a0  stop_allAuxprop                     
0000d680  stop_allLifts                       
00014c5f  strchr                              
00014c47  strcmp                              
00014c75  strlen                              
00014b83  strncmp                             
00014b4d  strncpy                             
000131a5  strtod                              
00013a3d  strtol                              
000131a5  strtold                             
00008f50  systemGetConfigValue                
00008e50  systemInit                          
00008f20  systemPowerDown                     
00014180  systmr_check10msFlag                
00014190  systmr_clear10msFlag                
00014120  systmr_init                         
00014170  systmr_nowMillis                    
000093b0  tcmflashGetConfigValue              
080050d8  temp_1byte                          
080050d6  temp_2byte                          
080050cc  temp_4byte                          
080050a8  temp_8byte                          
00014b10  term_hal_read                       
00014b30  term_hal_tx                         
0000c700  term_handle                         
08005198  term_loggedIn                       
08005194  term_loginTime                      
0000cc60  term_parseBytes                     
0000cd00  term_parseDoubles                   
0000cb30  term_parseInts                      
0000ca90  term_printHex                       
0000c9f0  term_printf                         
0000c950  term_strncmp                        
0000c3d0  term_task                           
0000d7c0  test_termHandle                     
00008bd0  trimLPO                             
00013e70  version_string                      
0000af90  vimChannelMap                       
0000b250  vimDisableInterrupt                 
0000b040  vimEnableInterrupt                  
0000b310  vimGetConfigValue                   
0000ae70  vimInit                             
00001270  vimParityCheck                      
000129a0  vimParityErrorHandler               
00014499  vsnprintf                           


GLOBAL SYMBOLS: SORTED BY Symbol Address 

address   name                                
-------   ----                                
00000000  __TI_static_base__                  
00000000  resetEntry                          
00000020  selftestFailNotification            
00000030  ccmSelfCheck                        
00000220  memoryInit                          
00000280  stcSelfCheck                        
00000320  cpuSelfTest                         
000003e0  pbistSelfCheck                      
00000650  pbistRun                            
00000740  pbistStop                           
00000780  pbistIsTestCompleted                
000007b0  pbistIsTestPassed                   
000007f0  pbistPortTestStatus                 
00000850  efcCheck                            
000008f0  efcStuckZeroTest                    
000009c0  efcSelfTest                         
00000a00  checkefcSelfTest                    
00000ad0  fmcBus2Check                        
00000b20  fmcECCcheck                         
00000c00  checkB0RAMECC                       
00000e80  checkB1RAMECC                       
00001110  checkFlashECC                       
00001240  custom_dabort                       
00001250  stcSelfCheckFail                    
00001260  cpuSelfTestFail                     
00001270  vimParityCheck                      
00001360  dmaParityCheck                      
00001450  het1ParityCheck                     
00001530  htu1ParityCheck                     
00001620  het2ParityCheck                     
00001740  htu2ParityCheck                     
00001830  adc1ParityCheck                     
00001920  adc2ParityCheck                     
00001a10  can1ParityCheck                     
00001b20  can2ParityCheck                     
00001c30  can3ParityCheck                     
00001d40  mibspi1ParityCheck                  
00001e80  mibspi3ParityCheck                  
00001fc0  mibspi5ParityCheck                  
00002100  checkRAMECC                         
000023e0  checkClockMonitor                   
000024d0  checkFlashEEPROMECC                 
000026e0  checkPLL1Slip                       
00002820  checkPLL2Slip                       
00002920  checkRAMAddrParity                  
00002a80  checkRAMUERRTest                    
00002ca0  fmcBus1ParityCheck                  
00002e30  pbistFail                           
00002eb0  pbistGetConfigValue                 
00003020  stcGetConfigValue                   
000030d0  efcGetConfigValue                   
00003180  ccmr4GetConfigValue                 
000031d0  errata_PBIST_4                      
00003620  enableParity                        
000036e0  disableParity                       
00003795  __TI_decompress_rle24               
0000379b  __softfloat_float_raise             
000037a0  etpwmInit                           
00004050  etpwmStartTBCLK                     
000040c0  etpwmStopTBCLK                      
00004130  etpwmSetClkDiv                      
00004180  etpwmSetTimebasePeriod              
000041a0  etpwmSetCount                       
000041c0  etpwmDisableTimebasePeriodShadowMode
000041e0  etpwmEnableTimebasePeriodShadowMode 
00004210  etpwmEnableCounterLoadOnSync        
00004260  etpwmDisableCounterLoadOnSync       
00004290  etpwmSetSyncOut                     
000042d0  etpwmSetCounterMode                 
00004310  etpwmTriggerSWSync                  
00004330  etpwmSetRunMode                     
00004370  etpwmSetCmpA                        
00004390  etpwmSetCmpB                        
000043b0  etpwmEnableCmpAShadowMode           
000043f0  etpwmDisableCmpAShadowMode          
00004410  etpwmEnableCmpBShadowMode           
00004450  etpwmDisableCmpBShadowMode          
00004470  etpwmSetActionQualPwmA              
000044e0  etpwmSetActionQualPwmB              
00004550  etpwmEnableDeadBand                 
000045b0  etpwmDisableDeadband                
000045d0  etpwmSetDeadBandDelay               
00004600  etpwmEnableChopping                 
00004640  etpwmDisableChopping                
00004660  etpwmEnableTripZoneSources          
00004690  etpwmDisableTripZoneSources         
000046c0  etpwmSetTripAction                  
00004730  etpwmEnableTripInterrupt            
00004760  etpwmDisableTripInterrupt           
00004790  etpwmClearTripCondition             
000047b0  etpwmClearTripInterruptFlag         
000047d0  etpwmForceTripEvent                 
000047f0  etpwmEnableSOCA                     
00004870  etpwmDisableSOCA                    
000048a0  etpwmEnableSOCB                     
00004920  etpwmDisableSOCB                    
00004940  etpwmEnableInterrupt                
000049b0  etpwmDisableInterrupt               
000049e0  etpwmGetEventStatus                 
00004a00  etpwmClearEventFlag                 
00004a20  etpwmTriggerEvent                   
00004a40  etpwmEnableDigitalCompareEvents     
00004ad0  etpwm1GetConfigValue                
00004e20  etpwm2GetConfigValue                
00005170  etpwm3GetConfigValue                
000054c0  etpwm4GetConfigValue                
00005810  etpwm5GetConfigValue                
00005b60  etpwm6GetConfigValue                
00005eb0  etpwm7GetConfigValue                
00006f7b  __TI_printfi                        
00007283  __TI_decompress_none                
00007290  sciInit                             
00007510  sciSetFunctional                    
00007530  sciSetBaudrate                      
000075c0  sciIsTxReady                        
000075e0  sciSendByte                         
00007630  sciSend                             
000077a0  sciIsRxReady                        
000077c0  sciIsIdleDetected                   
000077e0  sciRxError                          
00007810  sciReceiveByte                      
00007860  sciReceive                          
00007960  sciEnableLoopback                   
000079a0  sciDisableLoopback                  
000079c0  sciEnableNotification               
00007a30  sciDisableNotification              
00007aa0  sciGetConfigValue                   
00007c40  scilinGetConfigValue                
00007de0  sciInterruptHandler                 
00007f19  __aeabi_idiv0                       
00007f1b  _system_post_cinit                  
00007f20  adcInit                             
00008110  adcStartConversion                  
000081b0  adcStopConversion                   
000081e0  adcResetFiFo                        
00008210  adcGetData                          
000083f0  adcIsFifoFull                       
00008420  adcIsConversionComplete             
00008450  adcCalibration                      
00008660  adcMidPointCalibration              
00008830  adcEnableNotification               
00008880  adcDisableNotification              
000088b0  adcSetEVTPin                        
000088d0  adcGetEVTPin                        
000088f0  adc1GetConfigValue                  
00008b40  setupPLL                            
00008bd0  trimLPO                             
00008c30  setupFlash                          
00008c90  periphInit                          
00008d00  mapClocks                           
00008e50  systemInit                          
00008f20  systemPowerDown                     
00008f50  systemGetConfigValue                
000093b0  tcmflashGetConfigValue              
000095a0  sramGetConfigValue                  
00009710  rI2CRX_begin                        
00009770  rI2CRX_receiveBytes                 
00009890  processBuffer                       
00009c50  processFrame                        
0000a040  receiveParam                        
0000a2d0  lift_task                           
0000a430  lift_syncMove                       
0000abf0  lift_brake                          
0000ac10  lift_report                         
0000ad80  lift_cancelAll                      
0000ae70  vimInit                             
0000af90  vimChannelMap                       
0000b040  vimEnableInterrupt                  
0000b250  vimDisableInterrupt                 
0000b310  vimGetConfigValue                   
0000b960  muxInit                             
0000c000  pinmuxGetConfigValue                
0000c3d0  term_task                           
0000c700  term_handle                         
0000c950  term_strncmp                        
0000c9f0  term_printf                         
0000ca90  term_printHex                       
0000cb30  term_parseInts                      
0000cc60  term_parseBytes                     
0000cd00  term_parseDoubles                   
0000cda0  main                                
0000ce40  cmdcomm_handler                     
0000d260  picomm_appHandler                   
0000d2e0  app_handleTerm                      
0000d640  stop_all                            
0000d680  stop_allLifts                       
0000d6a0  stop_allAuxprop                     
0000d7c0  test_termHandle                     
0000de50  manlift                             
0000e000  auxprop_lookup                      
0000e210  auxprop_moveSpeed                   
0000e350  auxprop_moveSpeedSingle             
0000e490  auxprop_clutch                      
0000e4c0  auxprop_enable                      
0000e4f0  auxprop_moveSpeedDist               
0000e610  auxprop_moveSpeedDistSingle         
0000e750  auxprop_init                        
0000e7c0  auxprop_task                        
0000e830  auxprop_report                      
0000e8b0  rI2CTX_beginFrame                   
0000e8f0  rI2CTX_calculateChecksum            
0000e970  rI2CTX_add_checked_byte             
0000e9e0  rI2CTX_add_unchecked_byte           
0000ea20  rI2CTX_endFrame                     
0000ec20  rI2CTX_addHeader                    
0000ecb0  rI2CTX_addParameter_int8            
0000ece0  rI2CTX_addParameter_uint8           
0000ed10  rI2CTX_addParameter_int16           
0000ed90  rI2CTX_addParameter_uint16          
0000ee10  rI2CTX_addParameter_int64           
0000eea0  rI2CTX_addParameter_uint64          
0000ef30  rI2CTX_addParameter_int32           
0000efb0  rI2CTX_addParameter_uint32          
0000f030  rI2CTX_addParameter_float           
0000f0c0  rI2CTX_addParameter_double          
0000f150  rtiInit                             
0000f2b0  rtiStartCounter                     
0000f2e0  rtiStopCounter                      
0000f310  rtiResetCounter                     
0000f380  rtiSetPeriod                        
0000f3b0  rtiGetPeriod                        
0000f3e0  rtiGetCurrentTick                   
0000f480  dwdInit                             
0000f4b0  dwwdInit                            
0000f510  dwwdGetCurrentDownCounter           
0000f520  dwdCounterEnable                    
0000f540  dwdSetPreload                       
0000f560  dwdReset                            
0000f590  dwdGenerateSysReset                 
0000f5c0  IsdwdKeySequenceCorrect             
0000f600  dwdGetStatus                        
0000f640  dwdClearFlag                        
0000f660  dwdGetViolationStatus               
0000f710  rtiEnableNotification               
0000f740  rtiDisableNotification              
0000f760  rtiGetConfigValue                   
0000f8a0  esmInit                             
0000fa10  esmError                            
0000fa30  esmEnableError                      
0000fa70  esmDisableError                     
0000fab0  esmTriggerErrorPinReset             
0000fad0  esmActivateNormalOperation          
0000faf0  esmEnableInterrupt                  
0000fb30  esmDisableInterrupt                 
0000fb70  esmSetInterruptLevel                
0000fc00  esmClearStatus                      
0000fc60  esmClearStatusBuffer                
0000fc80  esmSetCounterPreloadValue           
0000fcb0  esmGetStatus                        
0000fd50  esmGetStatusBuffer                  
0000fd90  esmEnterSelfTest                    
0000fe30  esmSelfTestStatus                   
0000fe90  esmGetConfigValue                   
0000ffc0  gpin_initAll                        
00010060  gpin_initPin                        
000102b0  gpin_initHw                         
000102c0  gpin_task                           
000102d0  gpin_enableNotification             
00010360  gpin_read                           
00010450  gpin_write                          
000104f0  gioNotification                     
00010660  linearmotor_setup                   
00010670  linearmotor_init                    
00010780  limitswitch_hit                     
000107c0  linearmotor_move                    
000108f0  linearmotor_movei                   
000109b0  linearmotor_limitCheck              
00010ad0  linearmotor_limitChecki             
00010b80  linearmotor_getPosition             
00010c10  linearmotor_getPositioni            
00010c60  linearmotor_brake                   
00010ca0  linearmotor_gioNotification         
00010cc0  ser_initn                           
00010d40  ser_init                            
00010db0  ser_read                            
00010e40  ser_tx                              
00010fa0  ser_fakeRx                          
000112c0  sciNotification                     
00011310  gioInit                             
00011430  gioSetDirection                     
00011450  gioSetBit                           
000114b0  gioSetPort                          
000114d0  gioGetBit                           
00011500  gioGetPort                          
00011520  gioToggleBit                        
00011580  gioEnableNotification               
00011600  gioDisableNotification              
00011680  gioGetConfigValue                   
00011830  pwm_init                            
000118d0  pwm_set                             
00011970  pwm_setDigital                      
000119f0  pwm_setRaw                          
00011a70  pwm_setClkDiv                       
00011c00  a2d_init                            
00011cc0  a2d_task                            
00011d60  a2d_procFifo                        
00011eb0  a2d_getRaw                          
00011ee0  a2d_checkNew                        
00011f10  a2d_getFiltered                     
00011f50  adcNotification                     
00011fa0  ecap1Interrupt                      
00012030  ecap2Interrupt                      
000120c0  ecap3nterrupt                       
00012150  ecap4Interrupt                      
000121e0  ecap5Interrupt                      
00012270  ecap6Interrupt                      
00012300  _c_int00                            
0001264c  _coreInitRegisters_                 
00012758  _coreInitStackPointer_              
000127a4  _getCPSRValue_                      
000127ac  _gotoCPUIdle_                       
000127c4  _coreEnableVfp_                     
000127dc  _coreEnableEventBusExport_          
000127ec  _coreDisableEventBusExport_         
000127fc  _coreEnableRamEcc_                  
0001280c  _coreDisableRamEcc_                 
0001281c  _coreEnableFlashEcc_                
00012830  _coreDisableFlashEcc_               
00012840  _coreEnableIrqVicOffset_            
00012850  _coreGetDataFault_                  
00012858  _coreClearDataFault_                
00012864  _coreGetInstructionFault_           
0001286c  _coreClearInstructionFault_         
00012878  _coreGetDataFaultAddress_           
00012880  _coreClearDataFaultAddress_         
0001288c  _coreGetInstructionFaultAddress_    
00012894  _coreClearInstructionFaultAddress_  
000128a0  _coreGetAuxiliaryDataFault_         
000128a8  _coreClearAuxiliaryDataFault_       
000128b4  _coreGetAuxiliaryInstructionFault_  
000128bc  _coreClearAuxiliaryInstructionFault_
000128c8  _disable_interrupt_                 
000128d0  _disable_FIQ_interrupt_             
000128d8  _disable_IRQ_interrupt_             
000128e0  _enable_interrupt_                  
000128e8  _esmCcmErrorsClear_                 
00012970  _errata_CORTEXR4_57_                
00012980  _errata_CORTEXR4_66_                
00012990  __TI_PINIT_Base                     
00012994  __TI_PINIT_Limit                    
000129a0  vimParityErrorHandler               
00012c98  __aeabi_uldivmod                    
00012f50  can2HighLevelInterrupt              
000130b0  can2LowLevelInterrupt               
000131a5  strtod                              
000131a5  strtold                             
000133a0  picomm_init                         
000133c0  picomm_task                         
00013400  picomm_onRxEvt                      
00013460  picomm_tx                           
00013540  picomm_hal_read                     
00013560  picomm_hal_tx                       
00013580  pid_reset                           
000135c0  pid_calc                            
00013740  esmGroup1Notification               
00013750  esmGroup2Notification               
00013760  memoryPort0TestFailNotification     
00013780  memoryPort1TestFailNotification     
000137d0  canErrorNotification                
000137f0  canStatusChangeNotification         
00013810  canMessageNotification              
00013870  crcNotification                     
00013890  etpwmNotification                   
000138a0  etpwmTripNotification               
000138c0  ecapNotification                    
000138e0  dmaGroupANotification               
00013900  sciHighLevelInterrupt               
00013950  sciLowLevelInterrupt                
000139a0  linHighLevelInterrupt               
000139f0  linLowLevelInterrupt                
00013a3d  strtol                              
00013b70  esmHighInterrupt                    
00013c91  ldexp                               
00013c91  ldexpl                              
00013c91  scalbn                              
00013c91  scalbnl                             
00013d7c  _dabort                             
00013e70  version_string                      
00013f55  floor                               
00013f55  floorl                              
00014034  _pmuInit_                           
00014080  _pmuEnableCountersGlobal_           
00014090  _pmuDisableCountersGlobal_          
000140a0  _pmuResetCycleCounter_              
000140b0  _pmuResetEventCounters_             
000140c0  _pmuResetCounters_                  
000140d0  _pmuStartCounters_                  
000140d8  _pmuStopCounters_                   
000140e0  _pmuSetCountEvent_                  
000140ec  _pmuGetCycleCount_                  
000140f4  _pmuGetEventCount_                  
00014100  _pmuGetOverflow_                    
00014120  systmr_init                         
00014170  systmr_nowMillis                    
00014180  systmr_check10msFlag                
00014190  systmr_clear10msFlag                
000141b0  rtiNotification                     
00014200  adc1Group0Interrupt                 
00014260  adc1Group1Interrupt                 
000142c0  gioLowLevelInterrupt                
00014360  rtiCompare0Interrupt                
000143b0  rtiCompare3Interrupt                
000143fd  __aeabi_memcpy                      
000143fd  __aeabi_memcpy4                     
000143fd  __aeabi_memcpy8                     
000143fd  memcpy                              
00014499  vsnprintf                           
00014521  floorf                              
000145a1  round                               
000145a1  roundl                              
0001461d  __aeabi_memclr                      
0001461d  __aeabi_memclr4                     
0001461d  __aeabi_memclr8                     
0001461f  __aeabi_memset                      
0001461f  __aeabi_memset4                     
0001461f  __aeabi_memset8                     
00014625  memset                              
00014699  frexp                               
00014699  frexpl                              
0001470d  __TI_auto_init                      
0001477d  roundf                              
00014855  signal                              
00014887  raise                               
000148bd  sprintf                             
00014921  ltoa                                
00014978  __aeabi_idiv                        
00014978  __aeabi_idivmod                     
000149cd  atoi                                
00014a1d  C$$EXIT                             
00014a21  abort                               
00014a29  exit                                
00014a6d  copy_in                             
00014ab9  lround                              
00014b10  term_hal_read                       
00014b30  term_hal_tx                         
00014b4d  strncpy                             
00014b83  strncmp                             
00014bb0  _undef                              
00014bc0  _svc                                
00014bd0  _prefetch                           
00014bd5  __aeabi_lasr                        
00014bf3  __aeabi_llsr                        
00014c11  memccpy                             
00014c2d  copysign                            
00014c2d  copysignl                           
00014c47  strcmp                              
00014c5f  strchr                              
00014c75  strlen                              
00014c8d  _register_unlock                    
00014c93  _register_lock                      
00014c9b  _nop                                
00014ca1  lroundf                             
00014cb0  phantomInterrupt                    
00014cb8  speed_table                         
000150d4  _ctypes_                            
000152f0  gpin_initTable                      
00015354  __TI_Handler_Table_Base             
0001535c  __TI_CINIT_Base                     
0001535c  __TI_Handler_Table_Limit            
0001536c  __TI_CINIT_Limit                    
08001500  rI2CTX_buffer                       
08002888  serport                             
080038c0  buffer                              
08004e78  linearmotors                        
08005090  auxprop_state                       
080050a8  temp_8byte                          
080050b5  checksum                            
080050b6  bufferBegin                         
080050bc  adc_conversionCount                 
080050c0  rI2CRX_frameRXBeginCB               
080050c4  rI2CRX_frameRXEndCB                 
080050c8  rI2CRX_recvDecParamCB               
080050cc  temp_4byte                          
080050d0  bufferLength                        
080050d2  rI2CTX_bufferPos                    
080050d4  rI2CTX_frameLength                  
080050d6  temp_2byte                          
080050d8  temp_1byte                          
0800515c  etpwmList                           
08005188  __TI_cleanup_ptr                    
0800518c  __TI_dtors_ptr                      
08005190  __TI_enable_exit_profile_output     
08005194  term_loginTime                      
08005198  term_loggedIn                       
080051a0  _lock                               
080051a4  _unlock                             
080051ac  errno                               
080051b1  linearmotor_gpinInt                 
ffffffff  __TI_pprof_out_hndl                 
ffffffff  __TI_prof_data_size                 
ffffffff  __TI_prof_data_start                
ffffffff  __binit__                           
ffffffff  __c_args__                          
ffffffff  binit                               
UNDEFED   SHT$$INIT_ARRAY$$Base               
UNDEFED   SHT$$INIT_ARRAY$$Limit              

[496 symbols]
