<?xml version="1.0"?>
<link_info>
   <banner>TI ARM Linker PC v15.12.3.LTS</banner>
   <copyright>Copyright (c) 1996-2015 Texas Instruments Incorporated</copyright>
   <link_time>0x5850cd50</link_time>
   <link_errors>0x0</link_errors>
   <output_file>LGU.out</output_file>
   <entry_point>
      <name>_c_int00</name>
      <address>0x12300</address>
   </entry_point>
   <input_file_list>
      <input_file id="fl-2">
         <path>.\</path>
         <kind>object</kind>
         <file>auxprop.obj</file>
         <name>auxprop.obj</name>
      </input_file>
      <input_file id="fl-3">
         <path>.\</path>
         <kind>object</kind>
         <file>hello.obj</file>
         <name>hello.obj</name>
      </input_file>
      <input_file id="fl-4">
         <path>.\</path>
         <kind>object</kind>
         <file>lift.obj</file>
         <name>lift.obj</name>
      </input_file>
      <input_file id="fl-5">
         <path>.\</path>
         <kind>object</kind>
         <file>linear_actuator.obj</file>
         <name>linear_actuator.obj</name>
      </input_file>
      <input_file id="fl-6">
         <path>.\</path>
         <kind>object</kind>
         <file>picomm.obj</file>
         <name>picomm.obj</name>
      </input_file>
      <input_file id="fl-7">
         <path>.\</path>
         <kind>object</kind>
         <file>pid.obj</file>
         <name>pid.obj</name>
      </input_file>
      <input_file id="fl-8">
         <path>.\</path>
         <kind>object</kind>
         <file>term.obj</file>
         <name>term.obj</name>
      </input_file>
      <input_file id="fl-9">
         <path>.\</path>
         <kind>object</kind>
         <file>testing.obj</file>
         <name>testing.obj</name>
      </input_file>
      <input_file id="fl-a">
         <path>.\</path>
         <kind>object</kind>
         <file>version.obj</file>
         <name>version.obj</name>
      </input_file>
      <input_file id="fl-b">
         <path>.\hal\</path>
         <kind>object</kind>
         <file>a2d.obj</file>
         <name>a2d.obj</name>
      </input_file>
      <input_file id="fl-c">
         <path>.\hal\</path>
         <kind>object</kind>
         <file>gpin.obj</file>
         <name>gpin.obj</name>
      </input_file>
      <input_file id="fl-d">
         <path>.\hal\</path>
         <kind>object</kind>
         <file>pwm.obj</file>
         <name>pwm.obj</name>
      </input_file>
      <input_file id="fl-e">
         <path>.\hal\</path>
         <kind>object</kind>
         <file>ser.obj</file>
         <name>ser.obj</name>
      </input_file>
      <input_file id="fl-f">
         <path>.\hal\</path>
         <kind>object</kind>
         <file>systmr.obj</file>
         <name>systmr.obj</name>
      </input_file>
      <input_file id="fl-10">
         <path>.\hal\</path>
         <kind>object</kind>
         <file>term_hal.obj</file>
         <name>term_hal.obj</name>
      </input_file>
      <input_file id="fl-11">
         <path>.\halcogen_sources\</path>
         <kind>object</kind>
         <file>Device_RM46.obj</file>
         <name>Device_RM46.obj</name>
      </input_file>
      <input_file id="fl-12">
         <path>.\halcogen_sources\</path>
         <kind>object</kind>
         <file>Fapi_UserDefinedFunctions.obj</file>
         <name>Fapi_UserDefinedFunctions.obj</name>
      </input_file>
      <input_file id="fl-13">
         <path>.\halcogen_sources\</path>
         <kind>object</kind>
         <file>adc.obj</file>
         <name>adc.obj</name>
      </input_file>
      <input_file id="fl-14">
         <path>.\halcogen_sources\</path>
         <kind>object</kind>
         <file>can.obj</file>
         <name>can.obj</name>
      </input_file>
      <input_file id="fl-15">
         <path>.\halcogen_sources\</path>
         <kind>object</kind>
         <file>crc.obj</file>
         <name>crc.obj</name>
      </input_file>
      <input_file id="fl-16">
         <path>.\halcogen_sources\</path>
         <kind>object</kind>
         <file>dabort.obj</file>
         <name>dabort.obj</name>
      </input_file>
      <input_file id="fl-17">
         <path>.\halcogen_sources\</path>
         <kind>object</kind>
         <file>ecap.obj</file>
         <name>ecap.obj</name>
      </input_file>
      <input_file id="fl-18">
         <path>.\halcogen_sources\</path>
         <kind>object</kind>
         <file>esm.obj</file>
         <name>esm.obj</name>
      </input_file>
      <input_file id="fl-19">
         <path>.\halcogen_sources\</path>
         <kind>object</kind>
         <file>etpwm.obj</file>
         <name>etpwm.obj</name>
      </input_file>
      <input_file id="fl-1a">
         <path>.\halcogen_sources\</path>
         <kind>object</kind>
         <file>gio.obj</file>
         <name>gio.obj</name>
      </input_file>
      <input_file id="fl-1b">
         <path>.\halcogen_sources\</path>
         <kind>object</kind>
         <file>lin.obj</file>
         <name>lin.obj</name>
      </input_file>
      <input_file id="fl-1c">
         <path>.\halcogen_sources\</path>
         <kind>object</kind>
         <file>notification.obj</file>
         <name>notification.obj</name>
      </input_file>
      <input_file id="fl-1d">
         <path>.\halcogen_sources\</path>
         <kind>object</kind>
         <file>pinmux.obj</file>
         <name>pinmux.obj</name>
      </input_file>
      <input_file id="fl-1e">
         <path>.\halcogen_sources\</path>
         <kind>object</kind>
         <file>rti.obj</file>
         <name>rti.obj</name>
      </input_file>
      <input_file id="fl-1f">
         <path>.\halcogen_sources\</path>
         <kind>object</kind>
         <file>sci.obj</file>
         <name>sci.obj</name>
      </input_file>
      <input_file id="fl-20">
         <path>.\halcogen_sources\</path>
         <kind>object</kind>
         <file>sys_core.obj</file>
         <name>sys_core.obj</name>
      </input_file>
      <input_file id="fl-21">
         <path>.\halcogen_sources\</path>
         <kind>object</kind>
         <file>sys_dma.obj</file>
         <name>sys_dma.obj</name>
      </input_file>
      <input_file id="fl-22">
         <path>.\halcogen_sources\</path>
         <kind>object</kind>
         <file>sys_intvecs.obj</file>
         <name>sys_intvecs.obj</name>
      </input_file>
      <input_file id="fl-23">
         <path>.\halcogen_sources\</path>
         <kind>object</kind>
         <file>sys_mpu.obj</file>
         <name>sys_mpu.obj</name>
      </input_file>
      <input_file id="fl-24">
         <path>.\halcogen_sources\</path>
         <kind>object</kind>
         <file>sys_pcr.obj</file>
         <name>sys_pcr.obj</name>
      </input_file>
      <input_file id="fl-25">
         <path>.\halcogen_sources\</path>
         <kind>object</kind>
         <file>sys_phantom.obj</file>
         <name>sys_phantom.obj</name>
      </input_file>
      <input_file id="fl-26">
         <path>.\halcogen_sources\</path>
         <kind>object</kind>
         <file>sys_pmm.obj</file>
         <name>sys_pmm.obj</name>
      </input_file>
      <input_file id="fl-27">
         <path>.\halcogen_sources\</path>
         <kind>object</kind>
         <file>sys_pmu.obj</file>
         <name>sys_pmu.obj</name>
      </input_file>
      <input_file id="fl-28">
         <path>.\halcogen_sources\</path>
         <kind>object</kind>
         <file>sys_selftest.obj</file>
         <name>sys_selftest.obj</name>
      </input_file>
      <input_file id="fl-29">
         <path>.\halcogen_sources\</path>
         <kind>object</kind>
         <file>sys_startup.obj</file>
         <name>sys_startup.obj</name>
      </input_file>
      <input_file id="fl-2a">
         <path>.\halcogen_sources\</path>
         <kind>object</kind>
         <file>sys_vim.obj</file>
         <name>sys_vim.obj</name>
      </input_file>
      <input_file id="fl-2b">
         <path>.\halcogen_sources\</path>
         <kind>object</kind>
         <file>system.obj</file>
         <name>system.obj</name>
      </input_file>
      <input_file id="fl-2c">
         <path>.\halcogen_sources\</path>
         <kind>object</kind>
         <file>ti_fee_Info.obj</file>
         <name>ti_fee_Info.obj</name>
      </input_file>
      <input_file id="fl-2d">
         <path>.\halcogen_sources\</path>
         <kind>object</kind>
         <file>ti_fee_cancel.obj</file>
         <name>ti_fee_cancel.obj</name>
      </input_file>
      <input_file id="fl-2e">
         <path>.\halcogen_sources\</path>
         <kind>object</kind>
         <file>ti_fee_cfg.obj</file>
         <name>ti_fee_cfg.obj</name>
      </input_file>
      <input_file id="fl-2f">
         <path>.\halcogen_sources\</path>
         <kind>object</kind>
         <file>ti_fee_eraseimmediateblock.obj</file>
         <name>ti_fee_eraseimmediateblock.obj</name>
      </input_file>
      <input_file id="fl-30">
         <path>.\halcogen_sources\</path>
         <kind>object</kind>
         <file>ti_fee_format.obj</file>
         <name>ti_fee_format.obj</name>
      </input_file>
      <input_file id="fl-31">
         <path>.\halcogen_sources\</path>
         <kind>object</kind>
         <file>ti_fee_ini.obj</file>
         <name>ti_fee_ini.obj</name>
      </input_file>
      <input_file id="fl-32">
         <path>.\halcogen_sources\</path>
         <kind>object</kind>
         <file>ti_fee_invalidateblock.obj</file>
         <name>ti_fee_invalidateblock.obj</name>
      </input_file>
      <input_file id="fl-33">
         <path>.\halcogen_sources\</path>
         <kind>object</kind>
         <file>ti_fee_main.obj</file>
         <name>ti_fee_main.obj</name>
      </input_file>
      <input_file id="fl-34">
         <path>.\halcogen_sources\</path>
         <kind>object</kind>
         <file>ti_fee_read.obj</file>
         <name>ti_fee_read.obj</name>
      </input_file>
      <input_file id="fl-35">
         <path>.\halcogen_sources\</path>
         <kind>object</kind>
         <file>ti_fee_readSync.obj</file>
         <name>ti_fee_readSync.obj</name>
      </input_file>
      <input_file id="fl-36">
         <path>.\halcogen_sources\</path>
         <kind>object</kind>
         <file>ti_fee_shutdown.obj</file>
         <name>ti_fee_shutdown.obj</name>
      </input_file>
      <input_file id="fl-37">
         <path>.\halcogen_sources\</path>
         <kind>object</kind>
         <file>ti_fee_util.obj</file>
         <name>ti_fee_util.obj</name>
      </input_file>
      <input_file id="fl-38">
         <path>.\halcogen_sources\</path>
         <kind>object</kind>
         <file>ti_fee_writeAsync.obj</file>
         <name>ti_fee_writeAsync.obj</name>
      </input_file>
      <input_file id="fl-39">
         <path>.\halcogen_sources\</path>
         <kind>object</kind>
         <file>ti_fee_writeSync.obj</file>
         <name>ti_fee_writeSync.obj</name>
      </input_file>
      <input_file id="fl-3a">
         <path>.\nonessential\</path>
         <kind>object</kind>
         <file>sys_placeholders.obj</file>
         <name>sys_placeholders.obj</name>
      </input_file>
      <input_file id="fl-3b">
         <path>.\pi_comm\RX\</path>
         <kind>object</kind>
         <file>rI2CRX.obj</file>
         <name>rI2CRX.obj</name>
      </input_file>
      <input_file id="fl-3c">
         <path>.\pi_comm\TX\</path>
         <kind>object</kind>
         <file>rI2CTX.obj</file>
         <name>rI2CTX.obj</name>
      </input_file>
      <input_file id="fl-43">
         <path>..\fapi_includes\</path>
         <kind>archive</kind>
         <file>F021_API_CortexR4_LE_V3D16.lib</file>
         <name>Async.obj</name>
      </input_file>
      <input_file id="fl-44">
         <path>..\fapi_includes\</path>
         <kind>archive</kind>
         <file>F021_API_CortexR4_LE_V3D16.lib</file>
         <name>Async.WithAddress.obj</name>
      </input_file>
      <input_file id="fl-45">
         <path>..\fapi_includes\</path>
         <kind>archive</kind>
         <file>F021_API_CortexR4_LE_V3D16.lib</file>
         <name>BlankCheck.obj</name>
      </input_file>
      <input_file id="fl-46">
         <path>..\fapi_includes\</path>
         <kind>archive</kind>
         <file>F021_API_CortexR4_LE_V3D16.lib</file>
         <name>FlashStateMachine.EnableEepromSectors.obj</name>
      </input_file>
      <input_file id="fl-47">
         <path>..\fapi_includes\</path>
         <kind>archive</kind>
         <file>F021_API_CortexR4_LE_V3D16.lib</file>
         <name>FlashStateMachine.InitializeFlashBanks.obj</name>
      </input_file>
      <input_file id="fl-48">
         <path>..\fapi_includes\</path>
         <kind>archive</kind>
         <file>F021_API_CortexR4_LE_V3D16.lib</file>
         <name>FlashStateMachine.IssueFsmCommand.obj</name>
      </input_file>
      <input_file id="fl-49">
         <path>..\fapi_includes\</path>
         <kind>archive</kind>
         <file>F021_API_CortexR4_LE_V3D16.lib</file>
         <name>FlashStateMachine.ScaleFclk.obj</name>
      </input_file>
      <input_file id="fl-4a">
         <path>..\fapi_includes\</path>
         <kind>archive</kind>
         <file>F021_API_CortexR4_LE_V3D16.lib</file>
         <name>FlashStateMachine.SetActiveBank.obj</name>
      </input_file>
      <input_file id="fl-4b">
         <path>..\fapi_includes\</path>
         <kind>archive</kind>
         <file>F021_API_CortexR4_LE_V3D16.lib</file>
         <name>Read.FlushPipeline.obj</name>
      </input_file>
      <input_file id="fl-4c">
         <path>..\fapi_includes\</path>
         <kind>archive</kind>
         <file>F021_API_CortexR4_LE_V3D16.lib</file>
         <name>Read.LoopDword.obj</name>
      </input_file>
      <input_file id="fl-4d">
         <path>..\fapi_includes\</path>
         <kind>archive</kind>
         <file>F021_API_CortexR4_LE_V3D16.lib</file>
         <name>Read.WdService.obj</name>
      </input_file>
      <input_file id="fl-4e">
         <path>..\fapi_includes\</path>
         <kind>archive</kind>
         <file>F021_API_CortexR4_LE_V3D16.lib</file>
         <name>Utilities.CalculateFletcher.obj</name>
      </input_file>
      <input_file id="fl-4f">
         <path>..\fapi_includes\</path>
         <kind>archive</kind>
         <file>F021_API_CortexR4_LE_V3D16.lib</file>
         <name>Utilities.WaitDelay.obj</name>
      </input_file>
      <input_file id="fl-50">
         <path>..\fapi_includes\</path>
         <kind>archive</kind>
         <file>F021_API_CortexR4_LE_V3D16.lib</file>
         <name>Utilities.GetNumberOfSectors.obj</name>
      </input_file>
      <input_file id="fl-51">
         <path>..\fapi_includes\</path>
         <kind>archive</kind>
         <file>F021_API_CortexR4_LE_V3D16.lib</file>
         <name>Read.Common.obj</name>
      </input_file>
      <input_file id="fl-52">
         <path>..\fapi_includes\</path>
         <kind>archive</kind>
         <file>F021_API_CortexR4_LE_V3D16.lib</file>
         <name>FlashStateMachine.Hercules.IsEccAddress.obj</name>
      </input_file>
      <input_file id="fl-53">
         <path>C:\ProgramFiles\ti_ccs\ccsv6\tools\compiler\arm_15.12.3.LTS\lib\</path>
         <kind>archive</kind>
         <file>rtsv7R4_T_le_v3D16_eabi.lib</file>
         <name>autoinit.obj</name>
      </input_file>
      <input_file id="fl-54">
         <path>C:\ProgramFiles\ti_ccs\ccsv6\tools\compiler\arm_15.12.3.LTS\lib\</path>
         <kind>archive</kind>
         <file>rtsv7R4_T_le_v3D16_eabi.lib</file>
         <name>copy_decompress_none.obj</name>
      </input_file>
      <input_file id="fl-55">
         <path>C:\ProgramFiles\ti_ccs\ccsv6\tools\compiler\arm_15.12.3.LTS\lib\</path>
         <kind>archive</kind>
         <file>rtsv7R4_T_le_v3D16_eabi.lib</file>
         <name>copy_decompress_rle.obj</name>
      </input_file>
      <input_file id="fl-56">
         <path>C:\ProgramFiles\ti_ccs\ccsv6\tools\compiler\arm_15.12.3.LTS\lib\</path>
         <kind>archive</kind>
         <file>rtsv7R4_T_le_v3D16_eabi.lib</file>
         <name>copy_zero_init.obj</name>
      </input_file>
      <input_file id="fl-57">
         <path>C:\ProgramFiles\ti_ccs\ccsv6\tools\compiler\arm_15.12.3.LTS\lib\</path>
         <kind>archive</kind>
         <file>rtsv7R4_T_le_v3D16_eabi.lib</file>
         <name>cpy_tbl.obj</name>
      </input_file>
      <input_file id="fl-58">
         <path>C:\ProgramFiles\ti_ccs\ccsv6\tools\compiler\arm_15.12.3.LTS\lib\</path>
         <kind>archive</kind>
         <file>rtsv7R4_T_le_v3D16_eabi.lib</file>
         <name>exit.obj</name>
      </input_file>
      <input_file id="fl-59">
         <path>C:\ProgramFiles\ti_ccs\ccsv6\tools\compiler\arm_15.12.3.LTS\lib\</path>
         <kind>archive</kind>
         <file>rtsv7R4_T_le_v3D16_eabi.lib</file>
         <name>i_div32.obj</name>
      </input_file>
      <input_file id="fl-5a">
         <path>C:\ProgramFiles\ti_ccs\ccsv6\tools\compiler\arm_15.12.3.LTS\lib\</path>
         <kind>archive</kind>
         <file>rtsv7R4_T_le_v3D16_eabi.lib</file>
         <name>ll_asr_t2.obj</name>
      </input_file>
      <input_file id="fl-5b">
         <path>C:\ProgramFiles\ti_ccs\ccsv6\tools\compiler\arm_15.12.3.LTS\lib\</path>
         <kind>archive</kind>
         <file>rtsv7R4_T_le_v3D16_eabi.lib</file>
         <name>ll_lsr_t2.obj</name>
      </input_file>
      <input_file id="fl-5c">
         <path>C:\ProgramFiles\ti_ccs\ccsv6\tools\compiler\arm_15.12.3.LTS\lib\</path>
         <kind>archive</kind>
         <file>rtsv7R4_T_le_v3D16_eabi.lib</file>
         <name>memcpy_t2.obj</name>
      </input_file>
      <input_file id="fl-5d">
         <path>C:\ProgramFiles\ti_ccs\ccsv6\tools\compiler\arm_15.12.3.LTS\lib\</path>
         <kind>archive</kind>
         <file>rtsv7R4_T_le_v3D16_eabi.lib</file>
         <name>memset_t2.obj</name>
      </input_file>
      <input_file id="fl-5e">
         <path>C:\ProgramFiles\ti_ccs\ccsv6\tools\compiler\arm_15.12.3.LTS\lib\</path>
         <kind>archive</kind>
         <file>rtsv7R4_T_le_v3D16_eabi.lib</file>
         <name>s_lround.obj</name>
      </input_file>
      <input_file id="fl-5f">
         <path>C:\ProgramFiles\ti_ccs\ccsv6\tools\compiler\arm_15.12.3.LTS\lib\</path>
         <kind>archive</kind>
         <file>rtsv7R4_T_le_v3D16_eabi.lib</file>
         <name>s_lroundf.obj</name>
      </input_file>
      <input_file id="fl-60">
         <path>C:\ProgramFiles\ti_ccs\ccsv6\tools\compiler\arm_15.12.3.LTS\lib\</path>
         <kind>archive</kind>
         <file>rtsv7R4_T_le_v3D16_eabi.lib</file>
         <name>s_round.obj</name>
      </input_file>
      <input_file id="fl-61">
         <path>C:\ProgramFiles\ti_ccs\ccsv6\tools\compiler\arm_15.12.3.LTS\lib\</path>
         <kind>archive</kind>
         <file>rtsv7R4_T_le_v3D16_eabi.lib</file>
         <name>s_roundf.obj</name>
      </input_file>
      <input_file id="fl-62">
         <path>C:\ProgramFiles\ti_ccs\ccsv6\tools\compiler\arm_15.12.3.LTS\lib\</path>
         <kind>archive</kind>
         <file>rtsv7R4_T_le_v3D16_eabi.lib</file>
         <name>sprintf.obj</name>
      </input_file>
      <input_file id="fl-63">
         <path>C:\ProgramFiles\ti_ccs\ccsv6\tools\compiler\arm_15.12.3.LTS\lib\</path>
         <kind>archive</kind>
         <file>rtsv7R4_T_le_v3D16_eabi.lib</file>
         <name>startup.obj</name>
      </input_file>
      <input_file id="fl-64">
         <path>C:\ProgramFiles\ti_ccs\ccsv6\tools\compiler\arm_15.12.3.LTS\lib\</path>
         <kind>archive</kind>
         <file>rtsv7R4_T_le_v3D16_eabi.lib</file>
         <name>strcmp.obj</name>
      </input_file>
      <input_file id="fl-65">
         <path>C:\ProgramFiles\ti_ccs\ccsv6\tools\compiler\arm_15.12.3.LTS\lib\</path>
         <kind>archive</kind>
         <file>rtsv7R4_T_le_v3D16_eabi.lib</file>
         <name>strlen.obj</name>
      </input_file>
      <input_file id="fl-66">
         <path>C:\ProgramFiles\ti_ccs\ccsv6\tools\compiler\arm_15.12.3.LTS\lib\</path>
         <kind>archive</kind>
         <file>rtsv7R4_T_le_v3D16_eabi.lib</file>
         <name>strncmp.obj</name>
      </input_file>
      <input_file id="fl-67">
         <path>C:\ProgramFiles\ti_ccs\ccsv6\tools\compiler\arm_15.12.3.LTS\lib\</path>
         <kind>archive</kind>
         <file>rtsv7R4_T_le_v3D16_eabi.lib</file>
         <name>strncpy.obj</name>
      </input_file>
      <input_file id="fl-68">
         <path>C:\ProgramFiles\ti_ccs\ccsv6\tools\compiler\arm_15.12.3.LTS\lib\</path>
         <kind>archive</kind>
         <file>rtsv7R4_T_le_v3D16_eabi.lib</file>
         <name>strtod.obj</name>
      </input_file>
      <input_file id="fl-69">
         <path>C:\ProgramFiles\ti_ccs\ccsv6\tools\compiler\arm_15.12.3.LTS\lib\</path>
         <kind>archive</kind>
         <file>rtsv7R4_T_le_v3D16_eabi.lib</file>
         <name>strtol.obj</name>
      </input_file>
      <input_file id="fl-6a">
         <path>C:\ProgramFiles\ti_ccs\ccsv6\tools\compiler\arm_15.12.3.LTS\lib\</path>
         <kind>archive</kind>
         <file>rtsv7R4_T_le_v3D16_eabi.lib</file>
         <name>ti_fenv.obj</name>
      </input_file>
      <input_file id="fl-6b">
         <path>C:\ProgramFiles\ti_ccs\ccsv6\tools\compiler\arm_15.12.3.LTS\lib\</path>
         <kind>archive</kind>
         <file>rtsv7R4_T_le_v3D16_eabi.lib</file>
         <name>vsnprintf.obj</name>
      </input_file>
      <input_file id="fl-6c">
         <path>C:\ProgramFiles\ti_ccs\ccsv6\tools\compiler\arm_15.12.3.LTS\lib\</path>
         <kind>archive</kind>
         <file>rtsv7R4_T_le_v3D16_eabi.lib</file>
         <name>_lock.obj</name>
      </input_file>
      <input_file id="fl-6d">
         <path>C:\ProgramFiles\ti_ccs\ccsv6\tools\compiler\arm_15.12.3.LTS\lib\</path>
         <kind>archive</kind>
         <file>rtsv7R4_T_le_v3D16_eabi.lib</file>
         <name>_printfi.obj</name>
      </input_file>
      <input_file id="fl-6e">
         <path>C:\ProgramFiles\ti_ccs\ccsv6\tools\compiler\arm_15.12.3.LTS\lib\</path>
         <kind>archive</kind>
         <file>rtsv7R4_T_le_v3D16_eabi.lib</file>
         <name>atoi.obj</name>
      </input_file>
      <input_file id="fl-6f">
         <path>C:\ProgramFiles\ti_ccs\ccsv6\tools\compiler\arm_15.12.3.LTS\lib\</path>
         <kind>archive</kind>
         <file>rtsv7R4_T_le_v3D16_eabi.lib</file>
         <name>ctype.obj</name>
      </input_file>
      <input_file id="fl-70">
         <path>C:\ProgramFiles\ti_ccs\ccsv6\tools\compiler\arm_15.12.3.LTS\lib\</path>
         <kind>archive</kind>
         <file>rtsv7R4_T_le_v3D16_eabi.lib</file>
         <name>errno.obj</name>
      </input_file>
      <input_file id="fl-71">
         <path>C:\ProgramFiles\ti_ccs\ccsv6\tools\compiler\arm_15.12.3.LTS\lib\</path>
         <kind>archive</kind>
         <file>rtsv7R4_T_le_v3D16_eabi.lib</file>
         <name>i_div0.obj</name>
      </input_file>
      <input_file id="fl-72">
         <path>C:\ProgramFiles\ti_ccs\ccsv6\tools\compiler\arm_15.12.3.LTS\lib\</path>
         <kind>archive</kind>
         <file>rtsv7R4_T_le_v3D16_eabi.lib</file>
         <name>ltoa.obj</name>
      </input_file>
      <input_file id="fl-73">
         <path>C:\ProgramFiles\ti_ccs\ccsv6\tools\compiler\arm_15.12.3.LTS\lib\</path>
         <kind>archive</kind>
         <file>rtsv7R4_T_le_v3D16_eabi.lib</file>
         <name>memccpy.obj</name>
      </input_file>
      <input_file id="fl-74">
         <path>C:\ProgramFiles\ti_ccs\ccsv6\tools\compiler\arm_15.12.3.LTS\lib\</path>
         <kind>archive</kind>
         <file>rtsv7R4_T_le_v3D16_eabi.lib</file>
         <name>s_floor.obj</name>
      </input_file>
      <input_file id="fl-75">
         <path>C:\ProgramFiles\ti_ccs\ccsv6\tools\compiler\arm_15.12.3.LTS\lib\</path>
         <kind>archive</kind>
         <file>rtsv7R4_T_le_v3D16_eabi.lib</file>
         <name>s_floorf.obj</name>
      </input_file>
      <input_file id="fl-76">
         <path>C:\ProgramFiles\ti_ccs\ccsv6\tools\compiler\arm_15.12.3.LTS\lib\</path>
         <kind>archive</kind>
         <file>rtsv7R4_T_le_v3D16_eabi.lib</file>
         <name>s_frexp.obj</name>
      </input_file>
      <input_file id="fl-77">
         <path>C:\ProgramFiles\ti_ccs\ccsv6\tools\compiler\arm_15.12.3.LTS\lib\</path>
         <kind>archive</kind>
         <file>rtsv7R4_T_le_v3D16_eabi.lib</file>
         <name>s_scalbn.obj</name>
      </input_file>
      <input_file id="fl-78">
         <path>C:\ProgramFiles\ti_ccs\ccsv6\tools\compiler\arm_15.12.3.LTS\lib\</path>
         <kind>archive</kind>
         <file>rtsv7R4_T_le_v3D16_eabi.lib</file>
         <name>signal.obj</name>
      </input_file>
      <input_file id="fl-79">
         <path>C:\ProgramFiles\ti_ccs\ccsv6\tools\compiler\arm_15.12.3.LTS\lib\</path>
         <kind>archive</kind>
         <file>rtsv7R4_T_le_v3D16_eabi.lib</file>
         <name>strchr.obj</name>
      </input_file>
      <input_file id="fl-7a">
         <path>C:\ProgramFiles\ti_ccs\ccsv6\tools\compiler\arm_15.12.3.LTS\lib\</path>
         <kind>archive</kind>
         <file>rtsv7R4_T_le_v3D16_eabi.lib</file>
         <name>ull_div32.obj</name>
      </input_file>
      <input_file id="fl-7b">
         <path>C:\ProgramFiles\ti_ccs\ccsv6\tools\compiler\arm_15.12.3.LTS\lib\</path>
         <kind>archive</kind>
         <file>rtsv7R4_T_le_v3D16_eabi.lib</file>
         <name>s_copysign.obj</name>
      </input_file>
   </input_file_list>
   <object_component_list>
      <object_component id="oc-54">
         <name>.intvecs</name>
         <load_address>0x0</load_address>
         <run_address>0x0</run_address>
         <size>0x20</size>
         <input_file_ref idref="fl-22"/>
      </object_component>
      <object_component id="oc-9b">
         <name>.text</name>
         <load_address>0x20</load_address>
         <run_address>0x20</run_address>
         <size>0x3774</size>
         <input_file_ref idref="fl-28"/>
      </object_component>
      <object_component id="oc-15">
         <name>.text:decompress:rle24</name>
         <load_address>0x3794</load_address>
         <run_address>0x3794</run_address>
         <size>0x6</size>
         <input_file_ref idref="fl-55"/>
      </object_component>
      <object_component id="oc-3a8">
         <name>.text</name>
         <load_address>0x379a</load_address>
         <run_address>0x379a</run_address>
         <size>0x6</size>
         <input_file_ref idref="fl-6a"/>
      </object_component>
      <object_component id="oc-250">
         <name>.text</name>
         <load_address>0x37a0</load_address>
         <run_address>0x37a0</run_address>
         <size>0x2a5c</size>
         <input_file_ref idref="fl-19"/>
      </object_component>
      <object_component id="oc-3b6">
         <name>.text</name>
         <load_address>0x61fc</load_address>
         <run_address>0x61fc</run_address>
         <size>0x1086</size>
         <input_file_ref idref="fl-6d"/>
      </object_component>
      <object_component id="oc-f">
         <name>.text:decompress:none</name>
         <load_address>0x7282</load_address>
         <run_address>0x7282</run_address>
         <size>0xe</size>
         <input_file_ref idref="fl-54"/>
      </object_component>
      <object_component id="oc-e0">
         <name>.text</name>
         <load_address>0x7290</load_address>
         <run_address>0x7290</run_address>
         <size>0xc88</size>
         <input_file_ref idref="fl-1f"/>
      </object_component>
      <object_component id="oc-49e">
         <name>.text</name>
         <load_address>0x7f18</load_address>
         <run_address>0x7f18</run_address>
         <size>0x2</size>
         <input_file_ref idref="fl-71"/>
      </object_component>
      <object_component id="oc-135">
         <name>.text</name>
         <load_address>0x7f1a</load_address>
         <run_address>0x7f1a</run_address>
         <size>0x2</size>
         <input_file_ref idref="fl-63"/>
      </object_component>
      <object_component id="oc-1a7">
         <name>.text</name>
         <load_address>0x7f20</load_address>
         <run_address>0x7f20</run_address>
         <size>0xc1c</size>
         <input_file_ref idref="fl-13"/>
      </object_component>
      <object_component id="oc-95">
         <name>.text</name>
         <load_address>0x8b40</load_address>
         <run_address>0x8b40</run_address>
         <size>0xbd0</size>
         <input_file_ref idref="fl-2b"/>
      </object_component>
      <object_component id="oc-2c6">
         <name>.text</name>
         <load_address>0x9710</load_address>
         <run_address>0x9710</run_address>
         <size>0xbc0</size>
         <input_file_ref idref="fl-3b"/>
      </object_component>
      <object_component id="oc-16e">
         <name>.text</name>
         <load_address>0xa2d0</load_address>
         <run_address>0xa2d0</run_address>
         <size>0xb98</size>
         <input_file_ref idref="fl-4"/>
      </object_component>
      <object_component id="oc-60">
         <name>.text</name>
         <load_address>0xae70</load_address>
         <run_address>0xae70</run_address>
         <size>0xaec</size>
         <input_file_ref idref="fl-2a"/>
      </object_component>
      <object_component id="oc-119">
         <name>.text</name>
         <load_address>0xb960</load_address>
         <run_address>0xb960</run_address>
         <size>0xa6c</size>
         <input_file_ref idref="fl-1d"/>
      </object_component>
      <object_component id="oc-161">
         <name>.text</name>
         <load_address>0xc3d0</load_address>
         <run_address>0xc3d0</run_address>
         <size>0x9d0</size>
         <input_file_ref idref="fl-8"/>
      </object_component>
      <object_component id="oc-ad">
         <name>.text</name>
         <load_address>0xcda0</load_address>
         <run_address>0xcda0</run_address>
         <size>0x9b0</size>
         <input_file_ref idref="fl-3"/>
      </object_component>
      <object_component id="oc-174">
         <name>.text</name>
         <load_address>0xd750</load_address>
         <run_address>0xd750</run_address>
         <size>0x8b0</size>
         <input_file_ref idref="fl-9"/>
      </object_component>
      <object_component id="oc-155">
         <name>.text</name>
         <load_address>0xe000</load_address>
         <run_address>0xe000</run_address>
         <size>0x8a8</size>
         <input_file_ref idref="fl-2"/>
      </object_component>
      <object_component id="oc-2cd">
         <name>.text</name>
         <load_address>0xe8b0</load_address>
         <run_address>0xe8b0</run_address>
         <size>0x898</size>
         <input_file_ref idref="fl-3c"/>
      </object_component>
      <object_component id="oc-1e8">
         <name>.text</name>
         <load_address>0xf150</load_address>
         <run_address>0xf150</run_address>
         <size>0x748</size>
         <input_file_ref idref="fl-1e"/>
      </object_component>
      <object_component id="oc-a1">
         <name>.text</name>
         <load_address>0xf8a0</load_address>
         <run_address>0xf8a0</run_address>
         <size>0x718</size>
         <input_file_ref idref="fl-18"/>
      </object_component>
      <object_component id="oc-d2">
         <name>.text</name>
         <load_address>0xffc0</load_address>
         <run_address>0xffc0</run_address>
         <size>0x694</size>
         <input_file_ref idref="fl-c"/>
      </object_component>
      <object_component id="oc-14f">
         <name>.text</name>
         <load_address>0x10660</load_address>
         <run_address>0x10660</run_address>
         <size>0x660</size>
         <input_file_ref idref="fl-5"/>
      </object_component>
      <object_component id="oc-143">
         <name>.text</name>
         <load_address>0x10cc0</load_address>
         <run_address>0x10cc0</run_address>
         <size>0x644</size>
         <input_file_ref idref="fl-e"/>
      </object_component>
      <object_component id="oc-13d">
         <name>.text</name>
         <load_address>0x11310</load_address>
         <run_address>0x11310</run_address>
         <size>0x518</size>
         <input_file_ref idref="fl-1a"/>
      </object_component>
      <object_component id="oc-149">
         <name>.text</name>
         <load_address>0x11830</load_address>
         <run_address>0x11830</run_address>
         <size>0x3cc</size>
         <input_file_ref idref="fl-d"/>
      </object_component>
      <object_component id="oc-ba">
         <name>.text</name>
         <load_address>0x11c00</load_address>
         <run_address>0x11c00</run_address>
         <size>0x39c</size>
         <input_file_ref idref="fl-b"/>
      </object_component>
      <object_component id="oc-36">
         <name>.text:retain</name>
         <load_address>0x11fa0</load_address>
         <run_address>0x11fa0</run_address>
         <size>0x35c</size>
         <input_file_ref idref="fl-17"/>
      </object_component>
      <object_component id="oc-21">
         <name>.text:retain</name>
         <load_address>0x12300</load_address>
         <run_address>0x12300</run_address>
         <size>0x34c</size>
         <input_file_ref idref="fl-29"/>
      </object_component>
      <object_component id="oc-90">
         <name>.text</name>
         <load_address>0x1264c</load_address>
         <run_address>0x1264c</run_address>
         <size>0x34c</size>
         <input_file_ref idref="fl-20"/>
      </object_component>
      <object_component id="oc-5f">
         <name>.text:retain</name>
         <load_address>0x129a0</load_address>
         <run_address>0x129a0</run_address>
         <size>0x2f8</size>
         <input_file_ref idref="fl-2a"/>
      </object_component>
      <object_component id="oc-459">
         <name>.text</name>
         <load_address>0x12c98</load_address>
         <run_address>0x12c98</run_address>
         <size>0x2b8</size>
         <input_file_ref idref="fl-7a"/>
      </object_component>
      <object_component id="oc-30">
         <name>.text:retain</name>
         <load_address>0x12f50</load_address>
         <run_address>0x12f50</run_address>
         <size>0x254</size>
         <input_file_ref idref="fl-14"/>
      </object_component>
      <object_component id="oc-2b6">
         <name>.text</name>
         <load_address>0x131a4</load_address>
         <run_address>0x131a4</run_address>
         <size>0x1f0</size>
         <input_file_ref idref="fl-68"/>
      </object_component>
      <object_component id="oc-167">
         <name>.text</name>
         <load_address>0x133a0</load_address>
         <run_address>0x133a0</run_address>
         <size>0x1dc</size>
         <input_file_ref idref="fl-6"/>
      </object_component>
      <object_component id="oc-2e5">
         <name>.text</name>
         <load_address>0x13580</load_address>
         <run_address>0x13580</run_address>
         <size>0x1bc</size>
         <input_file_ref idref="fl-7"/>
      </object_component>
      <object_component id="oc-c4">
         <name>.text</name>
         <load_address>0x13740</load_address>
         <run_address>0x13740</run_address>
         <size>0x1b4</size>
         <input_file_ref idref="fl-1c"/>
      </object_component>
      <object_component id="oc-4e">
         <name>.text:retain</name>
         <load_address>0x13900</load_address>
         <run_address>0x13900</run_address>
         <size>0x13c</size>
         <input_file_ref idref="fl-1f"/>
      </object_component>
      <object_component id="oc-17a">
         <name>.text</name>
         <load_address>0x13a3c</load_address>
         <run_address>0x13a3c</run_address>
         <size>0x130</size>
         <input_file_ref idref="fl-69"/>
      </object_component>
      <object_component id="oc-3c">
         <name>.text:retain</name>
         <load_address>0x13b70</load_address>
         <run_address>0x13b70</run_address>
         <size>0x120</size>
         <input_file_ref idref="fl-18"/>
      </object_component>
      <object_component id="oc-46a">
         <name>.text</name>
         <load_address>0x13c90</load_address>
         <run_address>0x13c90</run_address>
         <size>0xec</size>
         <input_file_ref idref="fl-77"/>
      </object_component>
      <object_component id="oc-ed">
         <name>.text</name>
         <load_address>0x13d7c</load_address>
         <run_address>0x13d7c</run_address>
         <size>0xe8</size>
         <input_file_ref idref="fl-16"/>
      </object_component>
      <object_component id="oc-15b">
         <name>.text</name>
         <load_address>0x13e70</load_address>
         <run_address>0x13e70</run_address>
         <size>0xe4</size>
         <input_file_ref idref="fl-a"/>
      </object_component>
      <object_component id="oc-44a">
         <name>.text</name>
         <load_address>0x13f54</load_address>
         <run_address>0x13f54</run_address>
         <size>0xe0</size>
         <input_file_ref idref="fl-74"/>
      </object_component>
      <object_component id="oc-121">
         <name>.text</name>
         <load_address>0x14034</load_address>
         <run_address>0x14034</run_address>
         <size>0xe0</size>
         <input_file_ref idref="fl-27"/>
      </object_component>
      <object_component id="oc-d9">
         <name>.text</name>
         <load_address>0x14120</load_address>
         <run_address>0x14120</run_address>
         <size>0xe0</size>
         <input_file_ref idref="fl-f"/>
      </object_component>
      <object_component id="oc-27">
         <name>.text:retain</name>
         <load_address>0x14200</load_address>
         <run_address>0x14200</run_address>
         <size>0xb4</size>
         <input_file_ref idref="fl-13"/>
      </object_component>
      <object_component id="oc-42">
         <name>.text:retain</name>
         <load_address>0x142c0</load_address>
         <run_address>0x142c0</run_address>
         <size>0xa0</size>
         <input_file_ref idref="fl-1a"/>
      </object_component>
      <object_component id="oc-48">
         <name>.text:retain</name>
         <load_address>0x14360</load_address>
         <run_address>0x14360</run_address>
         <size>0x9c</size>
         <input_file_ref idref="fl-1e"/>
      </object_component>
      <object_component id="oc-6b">
         <name>.text</name>
         <load_address>0x143fc</load_address>
         <run_address>0x143fc</run_address>
         <size>0x9c</size>
         <input_file_ref idref="fl-5c"/>
      </object_component>
      <object_component id="oc-2b0">
         <name>.text</name>
         <load_address>0x14498</load_address>
         <run_address>0x14498</run_address>
         <size>0x88</size>
         <input_file_ref idref="fl-6b"/>
      </object_component>
      <object_component id="oc-442">
         <name>.text</name>
         <load_address>0x14520</load_address>
         <run_address>0x14520</run_address>
         <size>0x80</size>
         <input_file_ref idref="fl-75"/>
      </object_component>
      <object_component id="oc-3a2">
         <name>.text</name>
         <load_address>0x145a0</load_address>
         <run_address>0x145a0</run_address>
         <size>0x7c</size>
         <input_file_ref idref="fl-60"/>
      </object_component>
      <object_component id="oc-84">
         <name>.text</name>
         <load_address>0x1461c</load_address>
         <run_address>0x1461c</run_address>
         <size>0x7a</size>
         <input_file_ref idref="fl-5d"/>
      </object_component>
      <object_component id="oc-464">
         <name>.text</name>
         <load_address>0x14698</load_address>
         <run_address>0x14698</run_address>
         <size>0x74</size>
         <input_file_ref idref="fl-76"/>
      </object_component>
      <object_component id="oc-a7">
         <name>.text</name>
         <load_address>0x1470c</load_address>
         <run_address>0x1470c</run_address>
         <size>0x70</size>
         <input_file_ref idref="fl-53"/>
      </object_component>
      <object_component id="oc-399">
         <name>.text</name>
         <load_address>0x1477c</load_address>
         <run_address>0x1477c</run_address>
         <size>0x6e</size>
         <input_file_ref idref="fl-61"/>
      </object_component>
      <object_component id="oc-77">
         <name>.text</name>
         <load_address>0x147ea</load_address>
         <run_address>0x147ea</run_address>
         <size>0x6a</size>
         <input_file_ref idref="fl-55"/>
      </object_component>
      <object_component id="oc-452">
         <name>.text</name>
         <load_address>0x14854</load_address>
         <run_address>0x14854</run_address>
         <size>0x68</size>
         <input_file_ref idref="fl-78"/>
      </object_component>
      <object_component id="oc-285">
         <name>.text</name>
         <load_address>0x148bc</load_address>
         <run_address>0x148bc</run_address>
         <size>0x64</size>
         <input_file_ref idref="fl-62"/>
      </object_component>
      <object_component id="oc-45e">
         <name>.text</name>
         <load_address>0x14920</load_address>
         <run_address>0x14920</run_address>
         <size>0x56</size>
         <input_file_ref idref="fl-72"/>
      </object_component>
      <object_component id="oc-3ea">
         <name>.text</name>
         <load_address>0x14978</load_address>
         <run_address>0x14978</run_address>
         <size>0x54</size>
         <input_file_ref idref="fl-59"/>
      </object_component>
      <object_component id="oc-47c">
         <name>.text</name>
         <load_address>0x149cc</load_address>
         <run_address>0x149cc</run_address>
         <size>0x50</size>
         <input_file_ref idref="fl-6e"/>
      </object_component>
      <object_component id="oc-b3">
         <name>.text</name>
         <load_address>0x14a1c</load_address>
         <run_address>0x14a1c</run_address>
         <size>0x50</size>
         <input_file_ref idref="fl-58"/>
      </object_component>
      <object_component id="oc-12f">
         <name>.text</name>
         <load_address>0x14a6c</load_address>
         <run_address>0x14a6c</run_address>
         <size>0x4c</size>
         <input_file_ref idref="fl-57"/>
      </object_component>
      <object_component id="oc-27a">
         <name>.text</name>
         <load_address>0x14ab8</load_address>
         <run_address>0x14ab8</run_address>
         <size>0x4c</size>
         <input_file_ref idref="fl-5e"/>
      </object_component>
      <object_component id="oc-28d">
         <name>.text</name>
         <load_address>0x14b10</load_address>
         <run_address>0x14b10</run_address>
         <size>0x3c</size>
         <input_file_ref idref="fl-10"/>
      </object_component>
      <object_component id="oc-298">
         <name>.text</name>
         <load_address>0x14b4c</load_address>
         <run_address>0x14b4c</run_address>
         <size>0x36</size>
         <input_file_ref idref="fl-67"/>
      </object_component>
      <object_component id="oc-2aa">
         <name>.text</name>
         <load_address>0x14b82</load_address>
         <run_address>0x14b82</run_address>
         <size>0x2a</size>
         <input_file_ref idref="fl-66"/>
      </object_component>
      <object_component id="oc-e7">
         <name>.text</name>
         <load_address>0x14bb0</load_address>
         <run_address>0x14bb0</run_address>
         <size>0x24</size>
         <input_file_ref idref="fl-3a"/>
      </object_component>
      <object_component id="oc-3f7">
         <name>.text</name>
         <load_address>0x14bd4</load_address>
         <run_address>0x14bd4</run_address>
         <size>0x1e</size>
         <input_file_ref idref="fl-5a"/>
      </object_component>
      <object_component id="oc-3fc">
         <name>.text</name>
         <load_address>0x14bf2</load_address>
         <run_address>0x14bf2</run_address>
         <size>0x1e</size>
         <input_file_ref idref="fl-5b"/>
      </object_component>
      <object_component id="oc-476">
         <name>.text</name>
         <load_address>0x14c10</load_address>
         <run_address>0x14c10</run_address>
         <size>0x1c</size>
         <input_file_ref idref="fl-73"/>
      </object_component>
      <object_component id="oc-4d5">
         <name>.text</name>
         <load_address>0x14c2c</load_address>
         <run_address>0x14c2c</run_address>
         <size>0x1a</size>
         <input_file_ref idref="fl-7b"/>
      </object_component>
      <object_component id="oc-2a4">
         <name>.text</name>
         <load_address>0x14c46</load_address>
         <run_address>0x14c46</run_address>
         <size>0x18</size>
         <input_file_ref idref="fl-64"/>
      </object_component>
      <object_component id="oc-470">
         <name>.text</name>
         <load_address>0x14c5e</load_address>
         <run_address>0x14c5e</run_address>
         <size>0x16</size>
         <input_file_ref idref="fl-79"/>
      </object_component>
      <object_component id="oc-29e">
         <name>.text</name>
         <load_address>0x14c74</load_address>
         <run_address>0x14c74</run_address>
         <size>0x16</size>
         <input_file_ref idref="fl-65"/>
      </object_component>
      <object_component id="oc-30a">
         <name>.text</name>
         <load_address>0x14c8c</load_address>
         <run_address>0x14c8c</run_address>
         <size>0x14</size>
         <input_file_ref idref="fl-6c"/>
      </object_component>
      <object_component id="oc-270">
         <name>.text</name>
         <load_address>0x14ca0</load_address>
         <run_address>0x14ca0</run_address>
         <size>0x10</size>
         <input_file_ref idref="fl-5f"/>
      </object_component>
      <object_component id="oc-59">
         <name>.text:retain</name>
         <load_address>0x14cb0</load_address>
         <run_address>0x14cb0</run_address>
         <size>0x4</size>
         <input_file_ref idref="fl-25"/>
      </object_component>
      <object_component id="oc-277">
         <name>.const:speed_table</name>
         <load_address>0x14cb8</load_address>
         <run_address>0x14cb8</run_address>
         <size>0x21c</size>
         <input_file_ref idref="fl-2"/>
      </object_component>
      <object_component id="oc-2d">
         <name>.const:s_vim_init</name>
         <load_address>0x14ed4</load_address>
         <run_address>0x14ed4</run_address>
         <size>0x200</size>
         <input_file_ref idref="fl-2a"/>
      </object_component>
      <object_component id="oc-2f4">
         <name>.const:.string:_ctypes_</name>
         <load_address>0x150d4</load_address>
         <run_address>0x150d4</run_address>
         <size>0x101</size>
         <input_file_ref idref="fl-6f"/>
      </object_component>
      <object_component id="oc-3d7">
         <name>.const:$O1$$</name>
         <load_address>0x151d8</load_address>
         <run_address>0x151d8</run_address>
         <size>0x98</size>
         <input_file_ref idref="fl-68"/>
      </object_component>
      <object_component id="oc-323">
         <name>.const:s_adcFiFoSize</name>
         <load_address>0x15270</load_address>
         <run_address>0x15270</run_address>
         <size>0x18</size>
         <input_file_ref idref="fl-13"/>
      </object_component>
      <object_component id="oc-326">
         <name>.const:s_adcSelect</name>
         <load_address>0x15288</load_address>
         <run_address>0x15288</run_address>
         <size>0x18</size>
         <input_file_ref idref="fl-13"/>
      </object_component>
      <object_component id="oc-26d">
         <name>.const:pin_adc</name>
         <load_address>0x152a0</load_address>
         <run_address>0x152a0</run_address>
         <size>0x10</size>
         <input_file_ref idref="fl-5"/>
      </object_component>
      <object_component id="oc-264">
         <name>.const:pin_dir</name>
         <load_address>0x152b0</load_address>
         <run_address>0x152b0</run_address>
         <size>0x10</size>
         <input_file_ref idref="fl-5"/>
      </object_component>
      <object_component id="oc-267">
         <name>.const:pin_pwm</name>
         <load_address>0x152c0</load_address>
         <run_address>0x152c0</run_address>
         <size>0x10</size>
         <input_file_ref idref="fl-5"/>
      </object_component>
      <object_component id="oc-261">
         <name>.const:pin_sw_neg</name>
         <load_address>0x152d0</load_address>
         <run_address>0x152d0</run_address>
         <size>0x10</size>
         <input_file_ref idref="fl-5"/>
      </object_component>
      <object_component id="oc-25e">
         <name>.const:pin_sw_pos</name>
         <load_address>0x152e0</load_address>
         <run_address>0x152e0</run_address>
         <size>0x10</size>
         <input_file_ref idref="fl-5"/>
      </object_component>
      <object_component id="oc-1db">
         <name>.const:gpin_initTable</name>
         <load_address>0x152f0</load_address>
         <run_address>0x152f0</run_address>
         <size>0xc</size>
         <input_file_ref idref="fl-c"/>
      </object_component>
      <object_component id="oc-527">
         <name>.cinit..data.load</name>
         <load_address>0x15300</load_address>
         <run_address>0x15300</run_address>
         <size>0x47</size>
      </object_component>
      <object_component id="oc-526">
         <name>.cinit..bss.load</name>
         <load_address>0x15348</load_address>
         <run_address>0x15348</run_address>
         <size>0xb</size>
      </object_component>
      <object_component id="oc-524">
         <name>__TI_handler_table</name>
         <load_address>0x15354</load_address>
         <run_address>0x15354</run_address>
         <size>0x8</size>
      </object_component>
      <object_component id="oc-525">
         <name>__TI_cinit_table</name>
         <load_address>0x1535c</load_address>
         <run_address>0x1535c</run_address>
         <size>0x10</size>
      </object_component>
      <object_component id="oc-2e2">
         <name>.bss:lift_pid</name>
         <uninitialized>true</uninitialized>
         <run_address>0x8005070</run_address>
         <size>0x20</size>
         <input_file_ref idref="fl-4"/>
      </object_component>
      <object_component id="oc-2eb">
         <name>.bss</name>
         <uninitialized>true</uninitialized>
         <run_address>0x80050b8</run_address>
         <size>0x4</size>
         <input_file_ref idref="fl-4"/>
      </object_component>
      <object_component id="oc-2cc">
         <name>.bss</name>
         <uninitialized>true</uninitialized>
         <run_address>0x80050a0</run_address>
         <size>0x8</size>
         <input_file_ref idref="fl-6"/>
      </object_component>
      <object_component id="oc-296">
         <name>.bss:buffer$1</name>
         <uninitialized>true</uninitialized>
         <run_address>0x8004478</run_address>
         <size>0x400</size>
         <input_file_ref idref="fl-8"/>
      </object_component>
      <object_component id="oc-297">
         <name>.bss:history$2</name>
         <uninitialized>true</uninitialized>
         <run_address>0x8004878</run_address>
         <size>0x400</size>
         <input_file_ref idref="fl-8"/>
      </object_component>
      <object_component id="oc-284">
         <name>.bss:buff$1</name>
         <uninitialized>true</uninitialized>
         <run_address>0x8004d78</run_address>
         <size>0x100</size>
         <input_file_ref idref="fl-a"/>
      </object_component>
      <object_component id="oc-19b">
         <name>.bss:adc_valRaw</name>
         <uninitialized>true</uninitialized>
         <run_address>0x8004f08</run_address>
         <size>0x80</size>
         <input_file_ref idref="fl-b"/>
      </object_component>
      <object_component id="oc-19e">
         <name>.bss:adc_valNew</name>
         <uninitialized>true</uninitialized>
         <run_address>0x8005008</run_address>
         <size>0x40</size>
         <input_file_ref idref="fl-b"/>
      </object_component>
      <object_component id="oc-1a1">
         <name>.bss:adc_valFiltered</name>
         <uninitialized>true</uninitialized>
         <run_address>0x8004c78</run_address>
         <size>0x100</size>
         <input_file_ref idref="fl-b"/>
      </object_component>
      <object_component id="oc-1ad">
         <name>.bss:data$1</name>
         <uninitialized>true</uninitialized>
         <run_address>0x8004f88</run_address>
         <size>0x80</size>
         <input_file_ref idref="fl-b"/>
      </object_component>
      <object_component id="oc-1e5">
         <name>.bss</name>
         <uninitialized>true</uninitialized>
         <run_address>0x80050b0</run_address>
         <size>0x5</size>
         <input_file_ref idref="fl-f"/>
      </object_component>
      <object_component id="oc-1ef">
         <name>.bss:g_sciTransfer_t</name>
         <uninitialized>true</uninitialized>
         <run_address>0x8005048</run_address>
         <size>0x28</size>
         <input_file_ref idref="fl-1f"/>
      </object_component>
      <object_component id="oc-280">
         <name>.common:auxprop_state</name>
         <uninitialized>true</uninitialized>
         <run_address>0x8005090</run_address>
         <size>0x10</size>
      </object_component>
      <object_component id="oc-25b">
         <name>.common:linearmotors</name>
         <uninitialized>true</uninitialized>
         <run_address>0x8004e78</run_address>
         <size>0x90</size>
      </object_component>
      <object_component id="oc-1a4">
         <name>.common:adc_conversionCount</name>
         <uninitialized>true</uninitialized>
         <run_address>0x80050bc</run_address>
         <size>0x4</size>
      </object_component>
      <object_component id="oc-24e">
         <name>.common:serport</name>
         <uninitialized>true</uninitialized>
         <run_address>0x8002888</run_address>
         <size>0x1038</size>
      </object_component>
      <object_component id="oc-3ef">
         <name>.common:buffer</name>
         <uninitialized>true</uninitialized>
         <run_address>0x80038c0</run_address>
         <size>0xbb8</size>
      </object_component>
      <object_component id="oc-3e7">
         <name>.common:bufferBegin</name>
         <uninitialized>true</uninitialized>
         <run_address>0x80050b6</run_address>
         <size>0x2</size>
      </object_component>
      <object_component id="oc-3e6">
         <name>.common:bufferLength</name>
         <uninitialized>true</uninitialized>
         <run_address>0x80050d0</run_address>
         <size>0x2</size>
      </object_component>
      <object_component id="oc-3e8">
         <name>.common:rI2CRX_frameRXBeginCB</name>
         <uninitialized>true</uninitialized>
         <run_address>0x80050c0</run_address>
         <size>0x4</size>
      </object_component>
      <object_component id="oc-2c3">
         <name>.common:rI2CRX_recvDecParamCB</name>
         <uninitialized>true</uninitialized>
         <run_address>0x80050c8</run_address>
         <size>0x4</size>
      </object_component>
      <object_component id="oc-3e9">
         <name>.common:rI2CRX_frameRXEndCB</name>
         <uninitialized>true</uninitialized>
         <run_address>0x80050c4</run_address>
         <size>0x4</size>
      </object_component>
      <object_component id="oc-3f0">
         <name>.common:temp_1byte</name>
         <uninitialized>true</uninitialized>
         <run_address>0x80050d8</run_address>
         <size>0x1</size>
      </object_component>
      <object_component id="oc-3f1">
         <name>.common:temp_2byte</name>
         <uninitialized>true</uninitialized>
         <run_address>0x80050d6</run_address>
         <size>0x2</size>
      </object_component>
      <object_component id="oc-3f2">
         <name>.common:temp_4byte</name>
         <uninitialized>true</uninitialized>
         <run_address>0x80050cc</run_address>
         <size>0x4</size>
      </object_component>
      <object_component id="oc-3f3">
         <name>.common:temp_8byte</name>
         <uninitialized>true</uninitialized>
         <run_address>0x80050a8</run_address>
         <size>0x8</size>
      </object_component>
      <object_component id="oc-2d6">
         <name>.common:rI2CTX_buffer</name>
         <uninitialized>true</uninitialized>
         <run_address>0x8001500</run_address>
         <size>0x1388</size>
      </object_component>
      <object_component id="oc-3f5">
         <name>.common:rI2CTX_bufferPos</name>
         <uninitialized>true</uninitialized>
         <run_address>0x80050d2</run_address>
         <size>0x2</size>
      </object_component>
      <object_component id="oc-3f6">
         <name>.common:checksum</name>
         <uninitialized>true</uninitialized>
         <run_address>0x80050b5</run_address>
         <size>0x1</size>
      </object_component>
      <object_component id="oc-2d3">
         <name>.common:rI2CTX_frameLength</name>
         <uninitialized>true</uninitialized>
         <run_address>0x80050d4</run_address>
         <size>0x2</size>
      </object_component>
      <object_component id="oc-16d">
         <name>.data</name>
         <load_address>0x80051a8</load_address>
         <run_address>0x80051a8</run_address>
         <size>0x4</size>
         <input_file_ref idref="fl-3"/>
      </object_component>
      <object_component id="oc-2df">
         <name>.data</name>
         <load_address>0x8005178</load_address>
         <run_address>0x8005178</run_address>
         <size>0x10</size>
         <input_file_ref idref="fl-4"/>
      </object_component>
      <object_component id="oc-26a">
         <name>.data</name>
         <load_address>0x80051b0</load_address>
         <run_address>0x80051b0</run_address>
         <size>0x2</size>
         <input_file_ref idref="fl-5"/>
      </object_component>
      <object_component id="oc-293">
         <name>.data</name>
         <load_address>0x8005194</load_address>
         <run_address>0x8005194</run_address>
         <size>0xc</size>
         <input_file_ref idref="fl-8"/>
      </object_component>
      <object_component id="oc-256">
         <name>.data:etpwmList</name>
         <load_address>0x800515c</load_address>
         <run_address>0x800515c</run_address>
         <size>0x1c</size>
         <input_file_ref idref="fl-d"/>
      </object_component>
      <object_component id="oc-192">
         <name>.data:$O1$$</name>
         <load_address>0x8005188</load_address>
         <run_address>0x8005188</run_address>
         <size>0xc</size>
         <input_file_ref idref="fl-58"/>
      </object_component>
      <object_component id="oc-195">
         <name>.data:$O1$$</name>
         <load_address>0x80051a0</load_address>
         <run_address>0x80051a0</run_address>
         <size>0x8</size>
         <input_file_ref idref="fl-6c"/>
      </object_component>
      <object_component id="oc-2f7">
         <name>.data</name>
         <load_address>0x80051ac</load_address>
         <run_address>0x80051ac</run_address>
         <size>0x4</size>
         <input_file_ref idref="fl-70"/>
      </object_component>
      <object_component id="oc-4c6">
         <name>.data:sigTable</name>
         <load_address>0x80050dc</load_address>
         <run_address>0x80050dc</run_address>
         <size>0x80</size>
         <input_file_ref idref="fl-78"/>
      </object_component>
      <object_component id="oc-281">
         <name>.debug_info</name>
         <load_address>0x0</load_address>
         <run_address>0x0</run_address>
         <size>0x27f</size>
         <input_file_ref idref="fl-2"/>
      </object_component>
      <object_component id="oc-278">
         <name>.debug_info</name>
         <load_address>0x27f</load_address>
         <run_address>0x27f</run_address>
         <size>0xd0</size>
         <input_file_ref idref="fl-2"/>
      </object_component>
      <object_component id="oc-156">
         <name>.debug_info</name>
         <load_address>0x34f</load_address>
         <run_address>0x34f</run_address>
         <size>0xb3f</size>
         <input_file_ref idref="fl-2"/>
      </object_component>
      <object_component id="oc-3b1">
         <name>.debug_info</name>
         <load_address>0xe8e</load_address>
         <run_address>0xe8e</run_address>
         <size>0xd1</size>
         <input_file_ref idref="fl-2"/>
      </object_component>
      <object_component id="oc-1df">
         <name>.debug_info</name>
         <load_address>0xf5f</load_address>
         <run_address>0xf5f</run_address>
         <size>0x2f6</size>
         <input_file_ref idref="fl-2"/>
      </object_component>
      <object_component id="oc-cb">
         <name>.debug_info</name>
         <load_address>0x1255</load_address>
         <run_address>0x1255</run_address>
         <size>0x157</size>
         <input_file_ref idref="fl-2"/>
      </object_component>
      <object_component id="oc-3df">
         <name>.debug_info</name>
         <load_address>0x13ac</load_address>
         <run_address>0x13ac</run_address>
         <size>0xc8</size>
         <input_file_ref idref="fl-2"/>
      </object_component>
      <object_component id="oc-181">
         <name>.debug_info</name>
         <load_address>0x1474</load_address>
         <run_address>0x1474</run_address>
         <size>0x8b</size>
         <input_file_ref idref="fl-2"/>
      </object_component>
      <object_component id="oc-18b">
         <name>.debug_info</name>
         <load_address>0x14ff</load_address>
         <run_address>0x14ff</run_address>
         <size>0x18b</size>
         <input_file_ref idref="fl-2"/>
      </object_component>
      <object_component id="oc-186">
         <name>.debug_info</name>
         <load_address>0x168a</load_address>
         <run_address>0x168a</run_address>
         <size>0x2c</size>
         <input_file_ref idref="fl-2"/>
      </object_component>
      <object_component id="oc-2be">
         <name>.debug_info</name>
         <load_address>0x16b6</load_address>
         <run_address>0x16b6</run_address>
         <size>0x4e</size>
         <input_file_ref idref="fl-2"/>
      </object_component>
      <object_component id="oc-190">
         <name>.debug_info</name>
         <load_address>0x1704</load_address>
         <run_address>0x1704</run_address>
         <size>0x683</size>
         <input_file_ref idref="fl-3"/>
      </object_component>
      <object_component id="oc-ae">
         <name>.debug_info</name>
         <load_address>0x1d87</load_address>
         <run_address>0x1d87</run_address>
         <size>0xbd7</size>
         <input_file_ref idref="fl-3"/>
      </object_component>
      <object_component id="oc-2fe">
         <name>.debug_info</name>
         <load_address>0x295e</load_address>
         <run_address>0x295e</run_address>
         <size>0x1b6</size>
         <input_file_ref idref="fl-3"/>
      </object_component>
      <object_component id="oc-364">
         <name>.debug_info</name>
         <load_address>0x2b14</load_address>
         <run_address>0x2b14</run_address>
         <size>0x100</size>
         <input_file_ref idref="fl-3"/>
      </object_component>
      <object_component id="oc-415">
         <name>.debug_info</name>
         <load_address>0x2c14</load_address>
         <run_address>0x2c14</run_address>
         <size>0x129</size>
         <input_file_ref idref="fl-3"/>
      </object_component>
      <object_component id="oc-fa">
         <name>.debug_info</name>
         <load_address>0x2d3d</load_address>
         <run_address>0x2d3d</run_address>
         <size>0x86</size>
         <input_file_ref idref="fl-3"/>
      </object_component>
      <object_component id="oc-1bb">
         <name>.debug_info</name>
         <load_address>0x2dc3</load_address>
         <run_address>0x2dc3</run_address>
         <size>0x1f9</size>
         <input_file_ref idref="fl-3"/>
      </object_component>
      <object_component id="oc-37c">
         <name>.debug_info</name>
         <load_address>0x2fbc</load_address>
         <run_address>0x2fbc</run_address>
         <size>0x12a</size>
         <input_file_ref idref="fl-3"/>
      </object_component>
      <object_component id="oc-2d8">
         <name>.debug_info</name>
         <load_address>0x30e6</load_address>
         <run_address>0x30e6</run_address>
         <size>0xe5</size>
         <input_file_ref idref="fl-3"/>
      </object_component>
      <object_component id="oc-303">
         <name>.debug_info</name>
         <load_address>0x31cb</load_address>
         <run_address>0x31cb</run_address>
         <size>0x243</size>
         <input_file_ref idref="fl-3"/>
      </object_component>
      <object_component id="oc-35d">
         <name>.debug_info</name>
         <load_address>0x340e</load_address>
         <run_address>0x340e</run_address>
         <size>0x18e</size>
         <input_file_ref idref="fl-3"/>
      </object_component>
      <object_component id="oc-2ef">
         <name>.debug_info</name>
         <load_address>0x359c</load_address>
         <run_address>0x359c</run_address>
         <size>0x3c1</size>
         <input_file_ref idref="fl-4"/>
      </object_component>
      <object_component id="oc-2e3">
         <name>.debug_info</name>
         <load_address>0x395d</load_address>
         <run_address>0x395d</run_address>
         <size>0xc6</size>
         <input_file_ref idref="fl-4"/>
      </object_component>
      <object_component id="oc-2e0">
         <name>.debug_info</name>
         <load_address>0x3a23</load_address>
         <run_address>0x3a23</run_address>
         <size>0x14c</size>
         <input_file_ref idref="fl-4"/>
      </object_component>
      <object_component id="oc-2ec">
         <name>.debug_info</name>
         <load_address>0x3b6f</load_address>
         <run_address>0x3b6f</run_address>
         <size>0xd4</size>
         <input_file_ref idref="fl-4"/>
      </object_component>
      <object_component id="oc-16f">
         <name>.debug_info</name>
         <load_address>0x3c43</load_address>
         <run_address>0x3c43</run_address>
         <size>0x673</size>
         <input_file_ref idref="fl-4"/>
      </object_component>
      <object_component id="oc-108">
         <name>.debug_info</name>
         <load_address>0x42b6</load_address>
         <run_address>0x42b6</run_address>
         <size>0x84</size>
         <input_file_ref idref="fl-4"/>
      </object_component>
      <object_component id="oc-25c">
         <name>.debug_info</name>
         <load_address>0x433a</load_address>
         <run_address>0x433a</run_address>
         <size>0x289</size>
         <input_file_ref idref="fl-5"/>
      </object_component>
      <object_component id="oc-268">
         <name>.debug_info</name>
         <load_address>0x45c3</load_address>
         <run_address>0x45c3</run_address>
         <size>0xcf</size>
         <input_file_ref idref="fl-5"/>
      </object_component>
      <object_component id="oc-265">
         <name>.debug_info</name>
         <load_address>0x4692</load_address>
         <run_address>0x4692</run_address>
         <size>0xcf</size>
         <input_file_ref idref="fl-5"/>
      </object_component>
      <object_component id="oc-25f">
         <name>.debug_info</name>
         <load_address>0x4761</load_address>
         <run_address>0x4761</run_address>
         <size>0xd5</size>
         <input_file_ref idref="fl-5"/>
      </object_component>
      <object_component id="oc-262">
         <name>.debug_info</name>
         <load_address>0x4836</load_address>
         <run_address>0x4836</run_address>
         <size>0xd5</size>
         <input_file_ref idref="fl-5"/>
      </object_component>
      <object_component id="oc-26e">
         <name>.debug_info</name>
         <load_address>0x490b</load_address>
         <run_address>0x490b</run_address>
         <size>0xcf</size>
         <input_file_ref idref="fl-5"/>
      </object_component>
      <object_component id="oc-26b">
         <name>.debug_info</name>
         <load_address>0x49da</load_address>
         <run_address>0x49da</run_address>
         <size>0x102</size>
         <input_file_ref idref="fl-5"/>
      </object_component>
      <object_component id="oc-150">
         <name>.debug_info</name>
         <load_address>0x4adc</load_address>
         <run_address>0x4adc</run_address>
         <size>0xa0f</size>
         <input_file_ref idref="fl-5"/>
      </object_component>
      <object_component id="oc-2dd">
         <name>.debug_info</name>
         <load_address>0x54eb</load_address>
         <run_address>0x54eb</run_address>
         <size>0x3e3</size>
         <input_file_ref idref="fl-6"/>
      </object_component>
      <object_component id="oc-168">
         <name>.debug_info</name>
         <load_address>0x58ce</load_address>
         <run_address>0x58ce</run_address>
         <size>0x480</size>
         <input_file_ref idref="fl-6"/>
      </object_component>
      <object_component id="oc-406">
         <name>.debug_info</name>
         <load_address>0x5d4e</load_address>
         <run_address>0x5d4e</run_address>
         <size>0xa1</size>
         <input_file_ref idref="fl-6"/>
      </object_component>
      <object_component id="oc-410">
         <name>.debug_info</name>
         <load_address>0x5def</load_address>
         <run_address>0x5def</run_address>
         <size>0xb1</size>
         <input_file_ref idref="fl-7"/>
      </object_component>
      <object_component id="oc-2e9">
         <name>.debug_info</name>
         <load_address>0x5ea0</load_address>
         <run_address>0x5ea0</run_address>
         <size>0x21e</size>
         <input_file_ref idref="fl-7"/>
      </object_component>
      <object_component id="oc-2bd">
         <name>.debug_info</name>
         <load_address>0x60be</load_address>
         <run_address>0x60be</run_address>
         <size>0x364</size>
         <input_file_ref idref="fl-8"/>
      </object_component>
      <object_component id="oc-294">
         <name>.debug_info</name>
         <load_address>0x6422</load_address>
         <run_address>0x6422</run_address>
         <size>0xfe</size>
         <input_file_ref idref="fl-8"/>
      </object_component>
      <object_component id="oc-164">
         <name>.debug_info</name>
         <load_address>0x6520</load_address>
         <run_address>0x6520</run_address>
         <size>0xa6f</size>
         <input_file_ref idref="fl-8"/>
      </object_component>
      <object_component id="oc-2f2">
         <name>.debug_info</name>
         <load_address>0x6f8f</load_address>
         <run_address>0x6f8f</run_address>
         <size>0x593</size>
         <input_file_ref idref="fl-9"/>
      </object_component>
      <object_component id="oc-175">
         <name>.debug_info</name>
         <load_address>0x7522</load_address>
         <run_address>0x7522</run_address>
         <size>0x89c</size>
         <input_file_ref idref="fl-9"/>
      </object_component>
      <object_component id="oc-28c">
         <name>.debug_info</name>
         <load_address>0x7dbe</load_address>
         <run_address>0x7dbe</run_address>
         <size>0xff</size>
         <input_file_ref idref="fl-a"/>
      </object_component>
      <object_component id="oc-15c">
         <name>.debug_info</name>
         <load_address>0x7ebd</load_address>
         <run_address>0x7ebd</run_address>
         <size>0x15b</size>
         <input_file_ref idref="fl-a"/>
      </object_component>
      <object_component id="oc-1a5">
         <name>.debug_info</name>
         <load_address>0x8018</load_address>
         <run_address>0x8018</run_address>
         <size>0x244</size>
         <input_file_ref idref="fl-b"/>
      </object_component>
      <object_component id="oc-19c">
         <name>.debug_info</name>
         <load_address>0x825c</load_address>
         <run_address>0x825c</run_address>
         <size>0xcd</size>
         <input_file_ref idref="fl-b"/>
      </object_component>
      <object_component id="oc-19f">
         <name>.debug_info</name>
         <load_address>0x8329</load_address>
         <run_address>0x8329</run_address>
         <size>0xcd</size>
         <input_file_ref idref="fl-b"/>
      </object_component>
      <object_component id="oc-1a2">
         <name>.debug_info</name>
         <load_address>0x83f6</load_address>
         <run_address>0x83f6</run_address>
         <size>0xd7</size>
         <input_file_ref idref="fl-b"/>
      </object_component>
      <object_component id="oc-bb">
         <name>.debug_info</name>
         <load_address>0x84cd</load_address>
         <run_address>0x84cd</run_address>
         <size>0x5c4</size>
         <input_file_ref idref="fl-b"/>
      </object_component>
      <object_component id="oc-1fc">
         <name>.debug_info</name>
         <load_address>0x8a91</load_address>
         <run_address>0x8a91</run_address>
         <size>0x791</size>
         <input_file_ref idref="fl-b"/>
      </object_component>
      <object_component id="oc-31e">
         <name>.debug_info</name>
         <load_address>0x9222</load_address>
         <run_address>0x9222</run_address>
         <size>0x38f</size>
         <input_file_ref idref="fl-b"/>
      </object_component>
      <object_component id="oc-1e4">
         <name>.debug_info</name>
         <load_address>0x95b1</load_address>
         <run_address>0x95b1</run_address>
         <size>0x2c9</size>
         <input_file_ref idref="fl-c"/>
      </object_component>
      <object_component id="oc-1dc">
         <name>.debug_info</name>
         <load_address>0x987a</load_address>
         <run_address>0x987a</run_address>
         <size>0xd7</size>
         <input_file_ref idref="fl-c"/>
      </object_component>
      <object_component id="oc-d3">
         <name>.debug_info</name>
         <load_address>0x9951</load_address>
         <run_address>0x9951</run_address>
         <size>0x635</size>
         <input_file_ref idref="fl-c"/>
      </object_component>
      <object_component id="oc-25a">
         <name>.debug_info</name>
         <load_address>0x9f86</load_address>
         <run_address>0x9f86</run_address>
         <size>0x15b</size>
         <input_file_ref idref="fl-d"/>
      </object_component>
      <object_component id="oc-257">
         <name>.debug_info</name>
         <load_address>0xa0e1</load_address>
         <run_address>0xa0e1</run_address>
         <size>0xcc</size>
         <input_file_ref idref="fl-d"/>
      </object_component>
      <object_component id="oc-14c">
         <name>.debug_info</name>
         <load_address>0xa1ad</load_address>
         <run_address>0xa1ad</run_address>
         <size>0x4b6</size>
         <input_file_ref idref="fl-d"/>
      </object_component>
      <object_component id="oc-382">
         <name>.debug_info</name>
         <load_address>0xa663</load_address>
         <run_address>0xa663</run_address>
         <size>0xc6d</size>
         <input_file_ref idref="fl-d"/>
      </object_component>
      <object_component id="oc-341">
         <name>.debug_info</name>
         <load_address>0xb2d0</load_address>
         <run_address>0xb2d0</run_address>
         <size>0x396</size>
         <input_file_ref idref="fl-d"/>
      </object_component>
      <object_component id="oc-1f6">
         <name>.debug_info</name>
         <load_address>0xb666</load_address>
         <run_address>0xb666</run_address>
         <size>0x212</size>
         <input_file_ref idref="fl-e"/>
      </object_component>
      <object_component id="oc-144">
         <name>.debug_info</name>
         <load_address>0xb878</load_address>
         <run_address>0xb878</run_address>
         <size>0x533</size>
         <input_file_ref idref="fl-e"/>
      </object_component>
      <object_component id="oc-f5">
         <name>.debug_info</name>
         <load_address>0xbdab</load_address>
         <run_address>0xbdab</run_address>
         <size>0x18c</size>
         <input_file_ref idref="fl-e"/>
      </object_component>
      <object_component id="oc-1ca">
         <name>.debug_info</name>
         <load_address>0xbf37</load_address>
         <run_address>0xbf37</run_address>
         <size>0x2d0</size>
         <input_file_ref idref="fl-e"/>
      </object_component>
      <object_component id="oc-34c">
         <name>.debug_info</name>
         <load_address>0xc207</load_address>
         <run_address>0xc207</run_address>
         <size>0x185</size>
         <input_file_ref idref="fl-f"/>
      </object_component>
      <object_component id="oc-1e6">
         <name>.debug_info</name>
         <load_address>0xc38c</load_address>
         <run_address>0xc38c</run_address>
         <size>0x102</size>
         <input_file_ref idref="fl-f"/>
      </object_component>
      <object_component id="oc-dc">
         <name>.debug_info</name>
         <load_address>0xc48e</load_address>
         <run_address>0xc48e</run_address>
         <size>0x33a</size>
         <input_file_ref idref="fl-f"/>
      </object_component>
      <object_component id="oc-32d">
         <name>.debug_info</name>
         <load_address>0xc7c8</load_address>
         <run_address>0xc7c8</run_address>
         <size>0x306</size>
         <input_file_ref idref="fl-f"/>
      </object_component>
      <object_component id="oc-34e">
         <name>.debug_info</name>
         <load_address>0xcace</load_address>
         <run_address>0xcace</run_address>
         <size>0x1d4</size>
         <input_file_ref idref="fl-f"/>
      </object_component>
      <object_component id="oc-28e">
         <name>.debug_info</name>
         <load_address>0xcca2</load_address>
         <run_address>0xcca2</run_address>
         <size>0x1a3</size>
         <input_file_ref idref="fl-10"/>
      </object_component>
      <object_component id="oc-32a">
         <name>.debug_info</name>
         <load_address>0xce45</load_address>
         <run_address>0xce45</run_address>
         <size>0x199</size>
         <input_file_ref idref="fl-13"/>
      </object_component>
      <object_component id="oc-327">
         <name>.debug_info</name>
         <load_address>0xcfde</load_address>
         <run_address>0xcfde</run_address>
         <size>0xdc</size>
         <input_file_ref idref="fl-13"/>
      </object_component>
      <object_component id="oc-324">
         <name>.debug_info</name>
         <load_address>0xd0ba</load_address>
         <run_address>0xd0ba</run_address>
         <size>0xe1</size>
         <input_file_ref idref="fl-13"/>
      </object_component>
      <object_component id="oc-1aa">
         <name>.debug_info</name>
         <load_address>0xd19b</load_address>
         <run_address>0xd19b</run_address>
         <size>0xc71</size>
         <input_file_ref idref="fl-13"/>
      </object_component>
      <object_component id="oc-2a">
         <name>.debug_info</name>
         <load_address>0xde0c</load_address>
         <run_address>0xde0c</run_address>
         <size>0x1e4</size>
         <input_file_ref idref="fl-13"/>
      </object_component>
      <object_component id="oc-370">
         <name>.debug_info</name>
         <load_address>0xdff0</load_address>
         <run_address>0xdff0</run_address>
         <size>0x21e</size>
         <input_file_ref idref="fl-14"/>
      </object_component>
      <object_component id="oc-31">
         <name>.debug_info</name>
         <load_address>0xe20e</load_address>
         <run_address>0xe20e</run_address>
         <size>0x285</size>
         <input_file_ref idref="fl-14"/>
      </object_component>
      <object_component id="oc-20b">
         <name>.debug_info</name>
         <load_address>0xe493</load_address>
         <run_address>0xe493</run_address>
         <size>0x437</size>
         <input_file_ref idref="fl-14"/>
      </object_component>
      <object_component id="oc-434">
         <name>.debug_info</name>
         <load_address>0xe8ca</load_address>
         <run_address>0xe8ca</run_address>
         <size>0x15f</size>
         <input_file_ref idref="fl-14"/>
      </object_component>
[...]
      <symbol id="sm-8f0">
         <name>fmcECCcheck</name>
         <value>0xb20</value>
         <object_component_ref idref="oc-9b"/>
      </symbol>
      <symbol id="sm-8f1">
         <name>fmcBus2Check</name>
         <value>0xad0</value>
         <object_component_ref idref="oc-9b"/>
      </symbol>
      <symbol id="sm-8f2">
         <name>checkRAMUERRTest</name>
         <value>0x2a80</value>
         <object_component_ref idref="oc-9b"/>
      </symbol>
      <symbol id="sm-8f3">
         <name>efcStuckZeroTest</name>
         <value>0x8f0</value>
         <object_component_ref idref="oc-9b"/>
      </symbol>
      <symbol id="sm-8f4">
         <name>checkPLL2Slip</name>
         <value>0x2820</value>
         <object_component_ref idref="oc-9b"/>
      </symbol>
      <symbol id="sm-917">
         <name>_c_int00</name>
         <value>0x12300</value>
         <object_component_ref idref="oc-21"/>
      </symbol>
      <symbol id="sm-95a">
         <name>vimChannelMap</name>
         <value>0xaf90</value>
         <object_component_ref idref="oc-60"/>
      </symbol>
      <symbol id="sm-95b">
         <name>vimInit</name>
         <value>0xae70</value>
         <object_component_ref idref="oc-60"/>
      </symbol>
      <symbol id="sm-95c">
         <name>vimEnableInterrupt</name>
         <value>0xb040</value>
         <object_component_ref idref="oc-60"/>
      </symbol>
      <symbol id="sm-95d">
         <name>vimDisableInterrupt</name>
         <value>0xb250</value>
         <object_component_ref idref="oc-60"/>
      </symbol>
      <symbol id="sm-95e">
         <name>vimGetConfigValue</name>
         <value>0xb310</value>
         <object_component_ref idref="oc-60"/>
      </symbol>
      <symbol id="sm-95f">
         <name>vimParityErrorHandler</name>
         <value>0x129a0</value>
         <object_component_ref idref="oc-5f"/>
      </symbol>
      <symbol id="sm-986">
         <name>systemGetConfigValue</name>
         <value>0x8f50</value>
         <object_component_ref idref="oc-95"/>
      </symbol>
      <symbol id="sm-987">
         <name>trimLPO</name>
         <value>0x8bd0</value>
         <object_component_ref idref="oc-95"/>
      </symbol>
      <symbol id="sm-988">
         <name>systemInit</name>
         <value>0x8e50</value>
         <object_component_ref idref="oc-95"/>
      </symbol>
      <symbol id="sm-989">
         <name>tcmflashGetConfigValue</name>
         <value>0x93b0</value>
         <object_component_ref idref="oc-95"/>
      </symbol>
      <symbol id="sm-98a">
         <name>sramGetConfigValue</name>
         <value>0x95a0</value>
         <object_component_ref idref="oc-95"/>
      </symbol>
      <symbol id="sm-98b">
         <name>periphInit</name>
         <value>0x8c90</value>
         <object_component_ref idref="oc-95"/>
      </symbol>
      <symbol id="sm-98c">
         <name>setupFlash</name>
         <value>0x8c30</value>
         <object_component_ref idref="oc-95"/>
      </symbol>
      <symbol id="sm-98d">
         <name>setupPLL</name>
         <value>0x8b40</value>
         <object_component_ref idref="oc-95"/>
      </symbol>
      <symbol id="sm-98e">
         <name>mapClocks</name>
         <value>0x8d00</value>
         <object_component_ref idref="oc-95"/>
      </symbol>
      <symbol id="sm-98f">
         <name>systemPowerDown</name>
         <value>0x8f20</value>
         <object_component_ref idref="oc-95"/>
      </symbol>
      <symbol id="sm-9a9">
         <name>_undef</name>
         <value>0x14bb0</value>
         <object_component_ref idref="oc-e7"/>
      </symbol>
      <symbol id="sm-9aa">
         <name>_prefetch</name>
         <value>0x14bd0</value>
         <object_component_ref idref="oc-e7"/>
      </symbol>
      <symbol id="sm-9ab">
         <name>_svc</name>
         <value>0x14bc0</value>
         <object_component_ref idref="oc-e7"/>
      </symbol>
      <symbol id="sm-9f1">
         <name>buffer</name>
         <value>0x80038c0</value>
      </symbol>
      <symbol id="sm-9f2">
         <name>bufferBegin</name>
         <value>0x80050b6</value>
      </symbol>
      <symbol id="sm-9f3">
         <name>bufferLength</name>
         <value>0x80050d0</value>
      </symbol>
      <symbol id="sm-9f4">
         <name>rI2CRX_frameRXBeginCB</name>
         <value>0x80050c0</value>
      </symbol>
      <symbol id="sm-9f5">
         <name>rI2CRX_recvDecParamCB</name>
         <value>0x80050c8</value>
      </symbol>
      <symbol id="sm-9f6">
         <name>rI2CRX_frameRXEndCB</name>
         <value>0x80050c4</value>
      </symbol>
      <symbol id="sm-9f7">
         <name>temp_1byte</name>
         <value>0x80050d8</value>
      </symbol>
      <symbol id="sm-9f8">
         <name>temp_2byte</name>
         <value>0x80050d6</value>
      </symbol>
      <symbol id="sm-9f9">
         <name>temp_4byte</name>
         <value>0x80050cc</value>
      </symbol>
      <symbol id="sm-9fa">
         <name>temp_8byte</name>
         <value>0x80050a8</value>
      </symbol>
      <symbol id="sm-9fb">
         <name>processFrame</name>
         <value>0x9c50</value>
         <object_component_ref idref="oc-2c6"/>
      </symbol>
      <symbol id="sm-9fc">
         <name>rI2CRX_begin</name>
         <value>0x9710</value>
         <object_component_ref idref="oc-2c6"/>
      </symbol>
      <symbol id="sm-9fd">
         <name>processBuffer</name>
         <value>0x9890</value>
         <object_component_ref idref="oc-2c6"/>
      </symbol>
      <symbol id="sm-9fe">
         <name>rI2CRX_receiveBytes</name>
         <value>0x9770</value>
         <object_component_ref idref="oc-2c6"/>
      </symbol>
      <symbol id="sm-9ff">
         <name>receiveParam</name>
         <value>0xa040</value>
         <object_component_ref idref="oc-2c6"/>
      </symbol>
      <symbol id="sm-a36">
         <name>rI2CTX_buffer</name>
         <value>0x8001500</value>
      </symbol>
      <symbol id="sm-a37">
         <name>rI2CTX_bufferPos</name>
         <value>0x80050d2</value>
      </symbol>
      <symbol id="sm-a38">
         <name>checksum</name>
         <value>0x80050b5</value>
      </symbol>
      <symbol id="sm-a39">
         <name>rI2CTX_frameLength</name>
         <value>0x80050d4</value>
      </symbol>
      <symbol id="sm-a3a">
         <name>rI2CTX_addParameter_int16</name>
         <value>0xed10</value>
         <object_component_ref idref="oc-2cd"/>
      </symbol>
      <symbol id="sm-a3b">
         <name>rI2CTX_addParameter_uint32</name>
         <value>0xefb0</value>
         <object_component_ref idref="oc-2cd"/>
      </symbol>
      <symbol id="sm-a3c">
         <name>rI2CTX_addParameter_int32</name>
         <value>0xef30</value>
         <object_component_ref idref="oc-2cd"/>
      </symbol>
      <symbol id="sm-a3d">
         <name>rI2CTX_beginFrame</name>
         <value>0xe8b0</value>
         <object_component_ref idref="oc-2cd"/>
      </symbol>
      <symbol id="sm-a3e">
         <name>rI2CTX_addParameter_int8</name>
         <value>0xecb0</value>
         <object_component_ref idref="oc-2cd"/>
      </symbol>
      <symbol id="sm-a3f">
         <name>rI2CTX_addParameter_double</name>
         <value>0xf0c0</value>
         <object_component_ref idref="oc-2cd"/>
      </symbol>
      <symbol id="sm-a40">
         <name>rI2CTX_add_checked_byte</name>
         <value>0xe970</value>
         <object_component_ref idref="oc-2cd"/>
      </symbol>
      <symbol id="sm-a41">
         <name>rI2CTX_calculateChecksum</name>
         <value>0xe8f0</value>
         <object_component_ref idref="oc-2cd"/>
      </symbol>
      <symbol id="sm-a42">
         <name>rI2CTX_addParameter_float</name>
         <value>0xf030</value>
         <object_component_ref idref="oc-2cd"/>
      </symbol>
      <symbol id="sm-a43">
         <name>rI2CTX_add_unchecked_byte</name>
         <value>0xe9e0</value>
         <object_component_ref idref="oc-2cd"/>
      </symbol>
      <symbol id="sm-a44">
         <name>rI2CTX_endFrame</name>
         <value>0xea20</value>
         <object_component_ref idref="oc-2cd"/>
      </symbol>
      <symbol id="sm-a45">
         <name>rI2CTX_addHeader</name>
         <value>0xec20</value>
         <object_component_ref idref="oc-2cd"/>
      </symbol>
      <symbol id="sm-a46">
         <name>rI2CTX_addParameter_uint8</name>
         <value>0xece0</value>
         <object_component_ref idref="oc-2cd"/>
      </symbol>
      <symbol id="sm-a47">
         <name>rI2CTX_addParameter_uint64</name>
         <value>0xeea0</value>
         <object_component_ref idref="oc-2cd"/>
      </symbol>
      <symbol id="sm-a48">
         <name>rI2CTX_addParameter_uint16</name>
         <value>0xed90</value>
         <object_component_ref idref="oc-2cd"/>
      </symbol>
      <symbol id="sm-a49">
         <name>rI2CTX_addParameter_int64</name>
         <value>0xee10</value>
         <object_component_ref idref="oc-2cd"/>
      </symbol>
      <symbol id="sm-a7e">
         <name>__TI_auto_init</name>
         <value>0x1470d</value>
         <object_component_ref idref="oc-a7"/>
      </symbol>
      <symbol id="sm-a95">
         <name>__TI_decompress_none</name>
         <value>0x7283</value>
         <object_component_ref idref="oc-f"/>
      </symbol>
      <symbol id="sm-ab7">
         <name>__TI_decompress_rle24</name>
         <value>0x3795</value>
         <object_component_ref idref="oc-15"/>
      </symbol>
      <symbol id="sm-ad2">
         <name>copy_in</name>
         <value>0x14a6d</value>
         <object_component_ref idref="oc-12f"/>
      </symbol>
      <symbol id="sm-af3">
         <name>C$$EXIT</name>
         <value>0x14a1d</value>
         <object_component_ref idref="oc-b3"/>
      </symbol>
      <symbol id="sm-af4">
         <name>abort</name>
         <value>0x14a21</value>
         <object_component_ref idref="oc-b3"/>
      </symbol>
      <symbol id="sm-af5">
         <name>exit</name>
         <value>0x14a29</value>
         <object_component_ref idref="oc-b3"/>
      </symbol>
      <symbol id="sm-af6">
         <name>__TI_dtors_ptr</name>
         <value>0x800518c</value>
         <object_component_ref idref="oc-192"/>
      </symbol>
      <symbol id="sm-af7">
         <name>__TI_cleanup_ptr</name>
         <value>0x8005188</value>
         <object_component_ref idref="oc-192"/>
      </symbol>
      <symbol id="sm-af8">
         <name>__TI_enable_exit_profile_output</name>
         <value>0x8005190</value>
         <object_component_ref idref="oc-192"/>
      </symbol>
      <symbol id="sm-b04">
         <name>__aeabi_idivmod</name>
         <value>0x14978</value>
         <object_component_ref idref="oc-3ea"/>
      </symbol>
      <symbol id="sm-b05">
         <name>__aeabi_idiv</name>
         <value>0x14978</value>
         <object_component_ref idref="oc-3ea"/>
      </symbol>
      <symbol id="sm-b0e">
         <name>__aeabi_lasr</name>
         <value>0x14bd5</value>
         <object_component_ref idref="oc-3f7"/>
      </symbol>
      <symbol id="sm-b17">
         <name>__aeabi_llsr</name>
         <value>0x14bf3</value>
         <object_component_ref idref="oc-3fc"/>
      </symbol>
      <symbol id="sm-b32">
         <name>memcpy</name>
         <value>0x143fd</value>
         <object_component_ref idref="oc-6b"/>
      </symbol>
      <symbol id="sm-b33">
         <name>__aeabi_memcpy</name>
         <value>0x143fd</value>
         <object_component_ref idref="oc-6b"/>
      </symbol>
      <symbol id="sm-b34">
         <name>__aeabi_memcpy8</name>
         <value>0x143fd</value>
         <object_component_ref idref="oc-6b"/>
      </symbol>
      <symbol id="sm-b35">
         <name>__aeabi_memcpy4</name>
         <value>0x143fd</value>
         <object_component_ref idref="oc-6b"/>
      </symbol>
      <symbol id="sm-b44">
         <name>__aeabi_memset</name>
         <value>0x1461f</value>
         <object_component_ref idref="oc-84"/>
      </symbol>
      <symbol id="sm-b45">
         <name>memset</name>
         <value>0x14625</value>
         <object_component_ref idref="oc-84"/>
      </symbol>
      <symbol id="sm-b46">
         <name>__aeabi_memset8</name>
         <value>0x1461f</value>
         <object_component_ref idref="oc-84"/>
      </symbol>
      <symbol id="sm-b47">
         <name>__aeabi_memset4</name>
         <value>0x1461f</value>
         <object_component_ref idref="oc-84"/>
      </symbol>
      <symbol id="sm-b48">
         <name>__aeabi_memclr8</name>
         <value>0x1461d</value>
         <object_component_ref idref="oc-84"/>
      </symbol>
      <symbol id="sm-b49">
         <name>__aeabi_memclr4</name>
         <value>0x1461d</value>
         <object_component_ref idref="oc-84"/>
      </symbol>
      <symbol id="sm-b4a">
         <name>__aeabi_memclr</name>
         <value>0x1461d</value>
         <object_component_ref idref="oc-84"/>
      </symbol>
      <symbol id="sm-b58">
         <name>lround</name>
         <value>0x14ab9</value>
         <object_component_ref idref="oc-27a"/>
      </symbol>
      <symbol id="sm-b62">
         <name>lroundf</name>
         <value>0x14ca1</value>
         <object_component_ref idref="oc-270"/>
      </symbol>
      <symbol id="sm-b73">
         <name>roundl</name>
         <value>0x145a1</value>
         <object_component_ref idref="oc-3a2"/>
      </symbol>
      <symbol id="sm-b74">
         <name>round</name>
         <value>0x145a1</value>
         <object_component_ref idref="oc-3a2"/>
      </symbol>
      <symbol id="sm-b83">
         <name>roundf</name>
         <value>0x1477d</value>
         <object_component_ref idref="oc-399"/>
      </symbol>
      <symbol id="sm-b9c">
         <name>sprintf</name>
         <value>0x148bd</value>
         <object_component_ref idref="oc-285"/>
      </symbol>
      <symbol id="sm-ba6">
         <name>_system_post_cinit</name>
         <value>0x7f1b</value>
         <object_component_ref idref="oc-135"/>
      </symbol>
      <symbol id="sm-bb5">
         <name>strcmp</name>
         <value>0x14c47</value>
         <object_component_ref idref="oc-2a4"/>
      </symbol>
      <symbol id="sm-bc3">
         <name>strlen</name>
         <value>0x14c75</value>
         <object_component_ref idref="oc-29e"/>
      </symbol>
      <symbol id="sm-bd3">
         <name>strncmp</name>
         <value>0x14b83</value>
         <object_component_ref idref="oc-2aa"/>
      </symbol>
      <symbol id="sm-be3">
         <name>strncpy</name>
         <value>0x14b4d</value>
         <object_component_ref idref="oc-298"/>
      </symbol>
      <symbol id="sm-c1a">
         <name>strtold</name>
         <value>0x131a5</value>
         <object_component_ref idref="oc-2b6"/>
      </symbol>
      <symbol id="sm-c1b">
         <name>strtod</name>
         <value>0x131a5</value>
         <object_component_ref idref="oc-2b6"/>
      </symbol>
      <symbol id="sm-c3e">
         <name>strtol</name>
         <value>0x13a3d</value>
         <object_component_ref idref="oc-17a"/>
      </symbol>
      <symbol id="sm-c48">
         <name>__softfloat_float_raise</name>
         <value>0x379b</value>
         <object_component_ref idref="oc-3a8"/>
      </symbol>
      <symbol id="sm-c64">
         <name>vsnprintf</name>
         <value>0x14499</value>
         <object_component_ref idref="oc-2b0"/>
      </symbol>
      <symbol id="sm-c7d">
         <name>_nop</name>
         <value>0x14c9b</value>
         <object_component_ref idref="oc-30a"/>
      </symbol>
      <symbol id="sm-c7e">
         <name>_lock</name>
         <value>0x80051a0</value>
         <object_component_ref idref="oc-195"/>
      </symbol>
      <symbol id="sm-c7f">
         <name>_unlock</name>
         <value>0x80051a4</value>
         <object_component_ref idref="oc-195"/>
      </symbol>
      <symbol id="sm-c80">
         <name>_register_lock</name>
         <value>0x14c93</value>
         <object_component_ref idref="oc-30a"/>
      </symbol>
      <symbol id="sm-c81">
         <name>_register_unlock</name>
         <value>0x14c8d</value>
         <object_component_ref idref="oc-30a"/>
      </symbol>
      <symbol id="sm-d7c">
         <name>__TI_printfi</name>
         <value>0x6f7b</value>
         <object_component_ref idref="oc-3b6"/>
      </symbol>
      <symbol id="sm-d91">
         <name>atoi</name>
         <value>0x149cd</value>
         <object_component_ref idref="oc-47c"/>
      </symbol>
      <symbol id="sm-d9c">
         <name>_ctypes_</name>
         <value>0x150d4</value>
         <object_component_ref idref="oc-2f4"/>
      </symbol>
      <symbol id="sm-da4">
         <name>errno</name>
         <value>0x80051ac</value>
         <object_component_ref idref="oc-2f7"/>
      </symbol>
      <symbol id="sm-dae">
         <name>__aeabi_idiv0</name>
         <value>0x7f19</value>
         <object_component_ref idref="oc-49e"/>
      </symbol>
      <symbol id="sm-dbd">
         <name>ltoa</name>
         <value>0x14921</value>
         <object_component_ref idref="oc-45e"/>
      </symbol>
      <symbol id="sm-dcd">
         <name>memccpy</name>
         <value>0x14c11</value>
         <object_component_ref idref="oc-476"/>
      </symbol>
      <symbol id="sm-dee">
         <name>floorl</name>
         <value>0x13f55</value>
         <object_component_ref idref="oc-44a"/>
      </symbol>
      <symbol id="sm-def">
         <name>floor</name>
         <value>0x13f55</value>
         <object_component_ref idref="oc-44a"/>
      </symbol>
      <symbol id="sm-e07">
         <name>floorf</name>
         <value>0x14521</value>
         <object_component_ref idref="oc-442"/>
      </symbol>
      <symbol id="sm-e20">
         <name>frexpl</name>
         <value>0x14699</value>
         <object_component_ref idref="oc-464"/>
      </symbol>
      <symbol id="sm-e21">
         <name>frexp</name>
         <value>0x14699</value>
         <object_component_ref idref="oc-464"/>
      </symbol>
      <symbol id="sm-e3f">
         <name>scalbn</name>
         <value>0x13c91</value>
         <object_component_ref idref="oc-46a"/>
      </symbol>
      <symbol id="sm-e40">
         <name>scalbnl</name>
         <value>0x13c91</value>
         <object_component_ref idref="oc-46a"/>
      </symbol>
      <symbol id="sm-e41">
         <name>ldexpl</name>
         <value>0x13c91</value>
         <object_component_ref idref="oc-46a"/>
      </symbol>
      <symbol id="sm-e42">
         <name>ldexp</name>
         <value>0x13c91</value>
         <object_component_ref idref="oc-46a"/>
      </symbol>
      <symbol id="sm-e63">
         <name>raise</name>
         <value>0x14887</value>
         <object_component_ref idref="oc-452"/>
      </symbol>
      <symbol id="sm-e64">
         <name>signal</name>
         <value>0x14855</value>
         <object_component_ref idref="oc-452"/>
      </symbol>
      <symbol id="sm-e74">
         <name>strchr</name>
         <value>0x14c5f</value>
         <object_component_ref idref="oc-470"/>
      </symbol>
      <symbol id="sm-e90">
         <name>__aeabi_uldivmod</name>
         <value>0x12c98</value>
         <object_component_ref idref="oc-459"/>
      </symbol>
      <symbol id="sm-e9a">
         <name>copysign</name>
         <value>0x14c2d</value>
         <object_component_ref idref="oc-4d5"/>
      </symbol>
      <symbol id="sm-e9b">
         <name>copysignl</name>
         <value>0x14c2d</value>
         <object_component_ref idref="oc-4d5"/>
      </symbol>
      <symbol id="sm-e9c">
         <name>__TI_static_base__</name>
         <value>0x0</value>
      </symbol>
      <symbol id="sm-e9f">
         <name>SHT$$INIT_ARRAY$$Base</name>
         <value>0x0</value>
      </symbol>
      <symbol id="sm-ea0">
         <name>SHT$$INIT_ARRAY$$Limit</name>
         <value>0x0</value>
      </symbol>
   </symbol_table>
   <title>Link successful</title>
</link_info>
